{
    "homo_sapiens": {
        "content": [
            [
                "chrX\t12000\t.\tT\t.\t.\tLowDepth\tEND=50000;REPREF=9500;RL=38000;RU=CAGG;VARID=CNBP;REPID=CNBP;STR_STATUS=normal;STR_NORMAL_MAX=30;STR_PATHOLOGIC_MIN=75;RankScore=1:10;Disease=DM2;SourceId=test;InheritanceMode=AD;SourceDisplay=Test fixture\tGT:SO:REPCN:REPCI:ADSP:ADFL:ADIR:LC\t.:.:.:.:.:.:.:0",
                "chrX\t12000\t.\tT\t.\t.\tLowDepth\tEND=123456;REPREF=18576;RL=111456;RU=GGCCCC;VARID=C9ORF72;REPID=C9ORF72;STR_STATUS=normal;STR_NORMAL_MAX=30;STR_PATHOLOGIC_MIN=60;RankScore=1:10;Disease=ALS-FTD;SourceId=test;InheritanceMode=AD;SourceDisplay=Test fixture\tGT:SO:REPCN:REPCI:ADSP:ADFL:ADIR:LC\t.:.:.:.:.:.:.:0",
                "chrX\t14586\t.\tG\t.\t.\tLowDepth\tEND=35698;REPREF=5278;RL=21112;RU=CAGA;VARID=CNBP_CAGA;REPID=CNBP_CAGA\tGT:SO:REPCN:REPCI:ADSP:ADFL:ADIR:LC\t.:.:.:.:.:.:.:0",
                "chrX\t15000\t.\tA\t.\t.\tLowDepth\tEND=45826;REPREF=15413;RL=30826;RU=CA;VARID=CNBP_CA;REPID=CNBP_CA\tGT:SO:REPCN:REPCI:ADSP:ADFL:ADIR:LC\t.:.:.:.:.:.:.:0"
            ],
            "test.stranger.vcf.gz.tbi",
            3,
            0
        ],
        "timestamp": "2026-09-07T10:26:05.278978",
        "meta": {
            "nf-test": "0.9.5",
            "nextflow": "25.10.4"
        }
    }
}