{
    "all": {
        "content": [
            [
                
            ],
            [
                [
                    "PosCon1.cnv.vcf.gz",
                    "PosCon1.cnv.vcf.gz.tbi",
                    "PosCon1.qdnaseq.abberations.bed",
                    "PosCon1.qdnaseq.bed",
                    "PosCon1.qdnaseq.cna",
                    "PosCon1.qdnaseq_segments.txt",
                    "PosCon1.repeats.vcf.gz",
                    "PosCon1.repeats.vcf.gz.tbi",
                    "PosCon1.sv.vcf.gz",
                    "PosCon1.sv.vcf.gz.tbi",
                    "PosCon1.wisecondorx_aberrations.bed",
                    "PosCon1.wisecondorx_bins.bed",
                    "PosCon1.wisecondorx_chr_statistics.txt",
                    "PosCon1.wisecondorx_segments.bed",
                    "chr1.png",
                    "chr22.png",
                    "genome_wide.png",
                    "statistics.out"
                ],
                [
                    "PosCon2.cnv.vcf.gz",
                    "PosCon2.cnv.vcf.gz.tbi",
                    "PosCon2.qdnaseq.abberations.bed",
                    "PosCon2.qdnaseq.bed",
                    "PosCon2.qdnaseq.cna",
                    "PosCon2.qdnaseq_segments.txt",
                    "PosCon2.repeats.vcf.gz",
                    "PosCon2.repeats.vcf.gz.tbi",
                    "PosCon2.sv.vcf.gz",
                    "PosCon2.sv.vcf.gz.tbi",
                    "PosCon2.wisecondorx_aberrations.bed",
                    "PosCon2.wisecondorx_bins.bed",
                    "PosCon2.wisecondorx_chr_statistics.txt",
                    "PosCon2.wisecondorx_segments.bed",
                    "chr1.png",
                    "chr22.png",
                    "genome_wide.png",
                    "statistics.out"
                ],
                [
                    "PosCon3.cnv.vcf.gz",
                    "PosCon3.cnv.vcf.gz.tbi",
                    "PosCon3.qdnaseq.abberations.bed",
                    "PosCon3.qdnaseq.bed",
                    "PosCon3.qdnaseq.cna",
                    "PosCon3.qdnaseq_segments.txt",
                    "PosCon3.repeats.vcf.gz",
                    "PosCon3.repeats.vcf.gz.tbi",
                    "PosCon3.sv.vcf.gz",
                    "PosCon3.sv.vcf.gz.tbi",
                    "PosCon3.wisecondorx_aberrations.bed",
                    "PosCon3.wisecondorx_bins.bed",
                    "PosCon3.wisecondorx_chr_statistics.txt",
                    "PosCon3.wisecondorx_segments.bed",
                    "chr1.png",
                    "chr22.png",
                    "genome_wide.png",
                    "statistics.out"
                ],
                [
                    "PosCon4.cnv.vcf.gz",
                    "PosCon4.cnv.vcf.gz.tbi",
                    "PosCon4.qdnaseq.abberations.bed",
                    "PosCon4.qdnaseq.bed",
                    "PosCon4.qdnaseq.cna",
                    "PosCon4.qdnaseq_segments.txt",
                    "PosCon4.repeats.vcf.gz",
                    "PosCon4.repeats.vcf.gz.tbi",
                    "PosCon4.sv.vcf.gz",
                    "PosCon4.sv.vcf.gz.tbi",
                    "PosCon4.wisecondorx_aberrations.bed",
                    "PosCon4.wisecondorx_bins.bed",
                    "PosCon4.wisecondorx_chr_statistics.txt",
                    "PosCon4.wisecondorx_segments.bed",
                    "chr1.png",
                    "chr22.png",
                    "genome_wide.png",
                    "statistics.out"
                ]
            ],
            [
                "PosCon1",
                "PosCon2",
                "PosCon3",
                "PosCon4",
                "pipeline_info"
            ]
        ],
        "meta": {
            "nf-test": "0.8.4",
            "nextflow": "24.02.0"
        },
        "timestamp": "2024-03-11T16:40:27.631243595"
    },
    "concat": {
        "content": [
            [
                
            ],
            [
                [
                    "PosCon1.qdnaseq.abberations.bed",
                    "PosCon1.qdnaseq.bed",
                    "PosCon1.qdnaseq.cna",
                    "PosCon1.qdnaseq_segments.txt",
                    "PosCon1.vcf.gz",
                    "PosCon1.vcf.gz.tbi",
                    "PosCon1.wisecondorx_aberrations.bed",
                    "PosCon1.wisecondorx_bins.bed",
                    "PosCon1.wisecondorx_chr_statistics.txt",
                    "PosCon1.wisecondorx_segments.bed",
                    "chr1.png",
                    "chr22.png",
                    "genome_wide.png",
                    "statistics.out"
                ],
                [
                    "PosCon2.qdnaseq.abberations.bed",
                    "PosCon2.qdnaseq.bed",
                    "PosCon2.qdnaseq.cna",
                    "PosCon2.qdnaseq_segments.txt",
                    "PosCon2.vcf.gz",
                    "PosCon2.vcf.gz.tbi",
                    "PosCon2.wisecondorx_aberrations.bed",
                    "PosCon2.wisecondorx_bins.bed",
                    "PosCon2.wisecondorx_chr_statistics.txt",
                    "PosCon2.wisecondorx_segments.bed",
                    "chr1.png",
                    "chr22.png",
                    "genome_wide.png",
                    "statistics.out"
                ],
                [
                    "PosCon3.qdnaseq.abberations.bed",
                    "PosCon3.qdnaseq.bed",
                    "PosCon3.qdnaseq.cna",
                    "PosCon3.qdnaseq_segments.txt",
                    "PosCon3.vcf.gz",
                    "PosCon3.vcf.gz.tbi",
                    "PosCon3.wisecondorx_aberrations.bed",
                    "PosCon3.wisecondorx_bins.bed",
                    "PosCon3.wisecondorx_chr_statistics.txt",
                    "PosCon3.wisecondorx_segments.bed",
                    "chr1.png",
                    "chr22.png",
                    "genome_wide.png",
                    "statistics.out"
                ],
                [
                    "PosCon4.qdnaseq.abberations.bed",
                    "PosCon4.qdnaseq.bed",
                    "PosCon4.qdnaseq.cna",
                    "PosCon4.qdnaseq_segments.txt",
                    "PosCon4.vcf.gz",
                    "PosCon4.vcf.gz.tbi",
                    "PosCon4.wisecondorx_aberrations.bed",
                    "PosCon4.wisecondorx_bins.bed",
                    "PosCon4.wisecondorx_chr_statistics.txt",
                    "PosCon4.wisecondorx_segments.bed",
                    "chr1.png",
                    "chr22.png",
                    "genome_wide.png",
                    "statistics.out"
                ]
            ],
            [
                "PosCon1",
                "PosCon2",
                "PosCon3",
                "PosCon4",
                "pipeline_info"
            ]
        ],
        "meta": {
            "nf-test": "0.8.4",
            "nextflow": "24.02.0"
        },
        "timestamp": "2024-03-11T17:00:33.579559279"
    }
}