{
    "all": {
        "content": [
            [
                
            ],
            [
                "PosCon1/PosCon1.cnv.vcf.gz",
                "PosCon1/PosCon1.cnv.vcf.gz.tbi",
                "PosCon1/PosCon1.qdnaseq.qdnaseq.bed",
                "PosCon1/PosCon1.qdnaseq.qdnaseq_segments.txt",
                "PosCon1/PosCon1.qdnaseq.statistics.out",
                "PosCon1/PosCon1.repeats.vcf.gz",
                "PosCon1/PosCon1.repeats.vcf.gz.tbi",
                "PosCon1/PosCon1.sv.vcf.gz",
                "PosCon1/PosCon1.sv.vcf.gz.tbi",
                "PosCon1/PosCon1.wisecondorx.chr1.png",
                "PosCon1/PosCon1.wisecondorx.chr22.png",
                "PosCon1/PosCon1.wisecondorx.genome_wide.png",
                "PosCon1/PosCon1.wisecondorx.wisecondorx_aberrations.bed",
                "PosCon1/PosCon1.wisecondorx.wisecondorx_bins.bed",
                "PosCon1/PosCon1.wisecondorx.wisecondorx_segments.bed",
                "PosCon1/PosCon1.wisecondorx.wisecondorx_statistics.txt",
                "PosCon2/PosCon2.cnv.vcf.gz",
                "PosCon2/PosCon2.cnv.vcf.gz.tbi",
                "PosCon2/PosCon2.qdnaseq.qdnaseq.bed",
                "PosCon2/PosCon2.qdnaseq.qdnaseq_segments.txt",
                "PosCon2/PosCon2.qdnaseq.statistics.out",
                "PosCon2/PosCon2.repeats.vcf.gz",
                "PosCon2/PosCon2.repeats.vcf.gz.tbi",
                "PosCon2/PosCon2.sv.vcf.gz",
                "PosCon2/PosCon2.sv.vcf.gz.tbi",
                "PosCon2/PosCon2.wisecondorx.chr1.png",
                "PosCon2/PosCon2.wisecondorx.chr22.png",
                "PosCon2/PosCon2.wisecondorx.genome_wide.png",
                "PosCon2/PosCon2.wisecondorx.wisecondorx_aberrations.bed",
                "PosCon2/PosCon2.wisecondorx.wisecondorx_bins.bed",
                "PosCon2/PosCon2.wisecondorx.wisecondorx_segments.bed",
                "PosCon2/PosCon2.wisecondorx.wisecondorx_statistics.txt",
                "PosCon3/PosCon3.cnv.vcf.gz",
                "PosCon3/PosCon3.cnv.vcf.gz.tbi",
                "PosCon3/PosCon3.qdnaseq.qdnaseq.bed",
                "PosCon3/PosCon3.qdnaseq.qdnaseq_segments.txt",
                "PosCon3/PosCon3.qdnaseq.statistics.out",
                "PosCon3/PosCon3.repeats.vcf.gz",
                "PosCon3/PosCon3.repeats.vcf.gz.tbi",
                "PosCon3/PosCon3.sv.vcf.gz",
                "PosCon3/PosCon3.sv.vcf.gz.tbi",
                "PosCon3/PosCon3.wisecondorx.chr1.png",
                "PosCon3/PosCon3.wisecondorx.chr22.png",
                "PosCon3/PosCon3.wisecondorx.genome_wide.png",
                "PosCon3/PosCon3.wisecondorx.wisecondorx_aberrations.bed",
                "PosCon3/PosCon3.wisecondorx.wisecondorx_bins.bed",
                "PosCon3/PosCon3.wisecondorx.wisecondorx_segments.bed",
                "PosCon3/PosCon3.wisecondorx.wisecondorx_statistics.txt",
                "PosCon4/PosCon4.cnv.vcf.gz",
                "PosCon4/PosCon4.cnv.vcf.gz.tbi",
                "PosCon4/PosCon4.qdnaseq.qdnaseq.bed",
                "PosCon4/PosCon4.qdnaseq.qdnaseq_segments.txt",
                "PosCon4/PosCon4.qdnaseq.statistics.out",
                "PosCon4/PosCon4.repeats.vcf.gz",
                "PosCon4/PosCon4.repeats.vcf.gz.tbi",
                "PosCon4/PosCon4.sv.vcf.gz",
                "PosCon4/PosCon4.sv.vcf.gz.tbi",
                "PosCon4/PosCon4.wisecondorx.chr1.png",
                "PosCon4/PosCon4.wisecondorx.chr22.png",
                "PosCon4/PosCon4.wisecondorx.genome_wide.png",
                "PosCon4/PosCon4.wisecondorx.wisecondorx_aberrations.bed",
                "PosCon4/PosCon4.wisecondorx.wisecondorx_bins.bed",
                "PosCon4/PosCon4.wisecondorx.wisecondorx_segments.bed",
                "PosCon4/PosCon4.wisecondorx.wisecondorx_statistics.txt",
                "multiqc/multiqc_report.html",
                "samplesheet.csv"
            ]
        ],
        "meta": {
            "nf-test": "0.9.1",
            "nextflow": "24.10.3"
        },
        "timestamp": "2025-02-04T14:35:47.691405609"
    },
    "concat": {
        "content": [
            [
                
            ],
            [
                "PosCon1/PosCon1.qdnaseq.qdnaseq.bed",
                "PosCon1/PosCon1.qdnaseq.qdnaseq_segments.txt",
                "PosCon1/PosCon1.qdnaseq.statistics.out",
                "PosCon1/PosCon1.vcf.gz",
                "PosCon1/PosCon1.vcf.gz.tbi",
                "PosCon1/PosCon1.wisecondorx.chr1.png",
                "PosCon1/PosCon1.wisecondorx.chr22.png",
                "PosCon1/PosCon1.wisecondorx.genome_wide.png",
                "PosCon1/PosCon1.wisecondorx.wisecondorx_aberrations.bed",
                "PosCon1/PosCon1.wisecondorx.wisecondorx_bins.bed",
                "PosCon1/PosCon1.wisecondorx.wisecondorx_segments.bed",
                "PosCon1/PosCon1.wisecondorx.wisecondorx_statistics.txt",
                "PosCon2/PosCon2.qdnaseq.qdnaseq.bed",
                "PosCon2/PosCon2.qdnaseq.qdnaseq_segments.txt",
                "PosCon2/PosCon2.qdnaseq.statistics.out",
                "PosCon2/PosCon2.vcf.gz",
                "PosCon2/PosCon2.vcf.gz.tbi",
                "PosCon2/PosCon2.wisecondorx.chr1.png",
                "PosCon2/PosCon2.wisecondorx.chr22.png",
                "PosCon2/PosCon2.wisecondorx.genome_wide.png",
                "PosCon2/PosCon2.wisecondorx.wisecondorx_aberrations.bed",
                "PosCon2/PosCon2.wisecondorx.wisecondorx_bins.bed",
                "PosCon2/PosCon2.wisecondorx.wisecondorx_segments.bed",
                "PosCon2/PosCon2.wisecondorx.wisecondorx_statistics.txt",
                "PosCon3/PosCon3.qdnaseq.qdnaseq.bed",
                "PosCon3/PosCon3.qdnaseq.qdnaseq_segments.txt",
                "PosCon3/PosCon3.qdnaseq.statistics.out",
                "PosCon3/PosCon3.vcf.gz",
                "PosCon3/PosCon3.vcf.gz.tbi",
                "PosCon3/PosCon3.wisecondorx.chr1.png",
                "PosCon3/PosCon3.wisecondorx.chr22.png",
                "PosCon3/PosCon3.wisecondorx.genome_wide.png",
                "PosCon3/PosCon3.wisecondorx.wisecondorx_aberrations.bed",
                "PosCon3/PosCon3.wisecondorx.wisecondorx_bins.bed",
                "PosCon3/PosCon3.wisecondorx.wisecondorx_segments.bed",
                "PosCon3/PosCon3.wisecondorx.wisecondorx_statistics.txt",
                "PosCon4/PosCon4.qdnaseq.qdnaseq.bed",
                "PosCon4/PosCon4.qdnaseq.qdnaseq_segments.txt",
                "PosCon4/PosCon4.qdnaseq.statistics.out",
                "PosCon4/PosCon4.vcf.gz",
                "PosCon4/PosCon4.vcf.gz.tbi",
                "PosCon4/PosCon4.wisecondorx.chr1.png",
                "PosCon4/PosCon4.wisecondorx.chr22.png",
                "PosCon4/PosCon4.wisecondorx.genome_wide.png",
                "PosCon4/PosCon4.wisecondorx.wisecondorx_aberrations.bed",
                "PosCon4/PosCon4.wisecondorx.wisecondorx_bins.bed",
                "PosCon4/PosCon4.wisecondorx.wisecondorx_segments.bed",
                "PosCon4/PosCon4.wisecondorx.wisecondorx_statistics.txt",
                "multiqc/multiqc_report.html",
                "samplesheet.csv"
            ]
        ],
        "meta": {
            "nf-test": "0.9.1",
            "nextflow": "24.10.3"
        },
        "timestamp": "2025-02-04T14:37:23.059367032"
    },
    "output callers": {
        "content": [
            [
                
            ],
            [
                "PosCon1/PosCon1.cnv.vcf.gz",
                "PosCon1/PosCon1.cnv.vcf.gz.tbi",
                "PosCon1/PosCon1.qdnaseq.qdnaseq.bed",
                "PosCon1/PosCon1.qdnaseq.qdnaseq_segments.txt",
                "PosCon1/PosCon1.qdnaseq.statistics.out",
                "PosCon1/PosCon1.repeats.vcf.gz",
                "PosCon1/PosCon1.repeats.vcf.gz.tbi",
                "PosCon1/PosCon1.sv.vcf.gz",
                "PosCon1/PosCon1.sv.vcf.gz.tbi",
                "PosCon1/PosCon1.wisecondorx.chr1.png",
                "PosCon1/PosCon1.wisecondorx.chr22.png",
                "PosCon1/PosCon1.wisecondorx.genome_wide.png",
                "PosCon1/PosCon1.wisecondorx.wisecondorx_aberrations.bed",
                "PosCon1/PosCon1.wisecondorx.wisecondorx_bins.bed",
                "PosCon1/PosCon1.wisecondorx.wisecondorx_segments.bed",
                "PosCon1/PosCon1.wisecondorx.wisecondorx_statistics.txt",
                "PosCon1/delly/PosCon1.vcf.gz",
                "PosCon1/delly/PosCon1.vcf.gz.tbi",
                "PosCon1/expansionhunter/PosCon1.vcf.gz",
                "PosCon1/expansionhunter/PosCon1.vcf.gz.tbi",
                "PosCon1/manta/PosCon1.vcf.gz",
                "PosCon1/manta/PosCon1.vcf.gz.tbi",
                "PosCon1/smoove/PosCon1.vcf.gz",
                "PosCon1/smoove/PosCon1.vcf.gz.tbi",
                "PosCon2/PosCon2.cnv.vcf.gz",
                "PosCon2/PosCon2.cnv.vcf.gz.tbi",
                "PosCon2/PosCon2.qdnaseq.qdnaseq.bed",
                "PosCon2/PosCon2.qdnaseq.qdnaseq_segments.txt",
                "PosCon2/PosCon2.qdnaseq.statistics.out",
                "PosCon2/PosCon2.repeats.vcf.gz",
                "PosCon2/PosCon2.repeats.vcf.gz.tbi",
                "PosCon2/PosCon2.sv.vcf.gz",
                "PosCon2/PosCon2.sv.vcf.gz.tbi",
                "PosCon2/PosCon2.wisecondorx.chr1.png",
                "PosCon2/PosCon2.wisecondorx.chr22.png",
                "PosCon2/PosCon2.wisecondorx.genome_wide.png",
                "PosCon2/PosCon2.wisecondorx.wisecondorx_aberrations.bed",
                "PosCon2/PosCon2.wisecondorx.wisecondorx_bins.bed",
                "PosCon2/PosCon2.wisecondorx.wisecondorx_segments.bed",
                "PosCon2/PosCon2.wisecondorx.wisecondorx_statistics.txt",
                "PosCon2/delly/PosCon2.vcf.gz",
                "PosCon2/delly/PosCon2.vcf.gz.tbi",
                "PosCon2/expansionhunter/PosCon2.vcf.gz",
                "PosCon2/expansionhunter/PosCon2.vcf.gz.tbi",
                "PosCon2/manta/PosCon2.vcf.gz",
                "PosCon2/manta/PosCon2.vcf.gz.tbi",
                "PosCon2/smoove/PosCon2.vcf.gz",
                "PosCon2/smoove/PosCon2.vcf.gz.tbi",
                "PosCon3/PosCon3.cnv.vcf.gz",
                "PosCon3/PosCon3.cnv.vcf.gz.tbi",
                "PosCon3/PosCon3.qdnaseq.qdnaseq.bed",
                "PosCon3/PosCon3.qdnaseq.qdnaseq_segments.txt",
                "PosCon3/PosCon3.qdnaseq.statistics.out",
                "PosCon3/PosCon3.repeats.vcf.gz",
                "PosCon3/PosCon3.repeats.vcf.gz.tbi",
                "PosCon3/PosCon3.sv.vcf.gz",
                "PosCon3/PosCon3.sv.vcf.gz.tbi",
                "PosCon3/PosCon3.wisecondorx.chr1.png",
                "PosCon3/PosCon3.wisecondorx.chr22.png",
                "PosCon3/PosCon3.wisecondorx.genome_wide.png",
                "PosCon3/PosCon3.wisecondorx.wisecondorx_aberrations.bed",
                "PosCon3/PosCon3.wisecondorx.wisecondorx_bins.bed",
                "PosCon3/PosCon3.wisecondorx.wisecondorx_segments.bed",
                "PosCon3/PosCon3.wisecondorx.wisecondorx_statistics.txt",
                "PosCon3/delly/PosCon3.vcf.gz",
                "PosCon3/delly/PosCon3.vcf.gz.tbi",
                "PosCon3/expansionhunter/PosCon3.vcf.gz",
                "PosCon3/expansionhunter/PosCon3.vcf.gz.tbi",
                "PosCon3/manta/PosCon3.vcf.gz",
                "PosCon3/manta/PosCon3.vcf.gz.tbi",
                "PosCon3/smoove/PosCon3.vcf.gz",
                "PosCon3/smoove/PosCon3.vcf.gz.tbi",
                "PosCon4/PosCon4.cnv.vcf.gz",
                "PosCon4/PosCon4.cnv.vcf.gz.tbi",
                "PosCon4/PosCon4.qdnaseq.qdnaseq.bed",
                "PosCon4/PosCon4.qdnaseq.qdnaseq_segments.txt",
                "PosCon4/PosCon4.qdnaseq.statistics.out",
                "PosCon4/PosCon4.repeats.vcf.gz",
                "PosCon4/PosCon4.repeats.vcf.gz.tbi",
                "PosCon4/PosCon4.sv.vcf.gz",
                "PosCon4/PosCon4.sv.vcf.gz.tbi",
                "PosCon4/PosCon4.wisecondorx.chr1.png",
                "PosCon4/PosCon4.wisecondorx.chr22.png",
                "PosCon4/PosCon4.wisecondorx.genome_wide.png",
                "PosCon4/PosCon4.wisecondorx.wisecondorx_aberrations.bed",
                "PosCon4/PosCon4.wisecondorx.wisecondorx_bins.bed",
                "PosCon4/PosCon4.wisecondorx.wisecondorx_segments.bed",
                "PosCon4/PosCon4.wisecondorx.wisecondorx_statistics.txt",
                "PosCon4/delly/PosCon4.vcf.gz",
                "PosCon4/delly/PosCon4.vcf.gz.tbi",
                "PosCon4/expansionhunter/PosCon4.vcf.gz",
                "PosCon4/expansionhunter/PosCon4.vcf.gz.tbi",
                "PosCon4/manta/PosCon4.vcf.gz",
                "PosCon4/manta/PosCon4.vcf.gz.tbi",
                "PosCon4/smoove/PosCon4.vcf.gz",
                "PosCon4/smoove/PosCon4.vcf.gz.tbi",
                "multiqc/multiqc_report.html",
                "samplesheet.csv"
            ]
        ],
        "meta": {
            "nf-test": "0.9.1",
            "nextflow": "24.10.3"
        },
        "timestamp": "2025-02-04T14:43:02.361185058"
    }
}