{
    "all": {
        "content": [
            [
                
            ],
            [
                "PosCon1/PosCon1.cnv.vcf.gz",
                "PosCon1/PosCon1.cnv.vcf.gz.tbi",
                "PosCon1/PosCon1.expansionhunter.vcf.gz",
                "PosCon1/PosCon1.expansionhunter.vcf.gz.tbi",
                "PosCon1/PosCon1.qdnaseq.abberations.bed",
                "PosCon1/PosCon1.qdnaseq.bed",
                "PosCon1/PosCon1.qdnaseq.cna",
                "PosCon1/PosCon1.qdnaseq_segments.txt",
                "PosCon1/PosCon1.sv.vcf.gz",
                "PosCon1/PosCon1.sv.vcf.gz.tbi",
                "PosCon1/PosCon1.wisecondorx_aberrations.bed",
                "PosCon1/PosCon1.wisecondorx_bins.bed",
                "PosCon1/PosCon1.wisecondorx_segments.bed",
                "PosCon1/PosCon1.wisecondorx_statistics.txt",
                "PosCon1/chr1.png",
                "PosCon1/chr22.png",
                "PosCon1/genome_wide.png",
                "PosCon1/statistics.out",
                "PosCon2/PosCon2.cnv.vcf.gz",
                "PosCon2/PosCon2.cnv.vcf.gz.tbi",
                "PosCon2/PosCon2.expansionhunter.vcf.gz",
                "PosCon2/PosCon2.expansionhunter.vcf.gz.tbi",
                "PosCon2/PosCon2.qdnaseq.abberations.bed",
                "PosCon2/PosCon2.qdnaseq.bed",
                "PosCon2/PosCon2.qdnaseq.cna",
                "PosCon2/PosCon2.qdnaseq_segments.txt",
                "PosCon2/PosCon2.sv.vcf.gz",
                "PosCon2/PosCon2.sv.vcf.gz.tbi",
                "PosCon2/PosCon2.wisecondorx_aberrations.bed",
                "PosCon2/PosCon2.wisecondorx_bins.bed",
                "PosCon2/PosCon2.wisecondorx_segments.bed",
                "PosCon2/PosCon2.wisecondorx_statistics.txt",
                "PosCon2/chr1.png",
                "PosCon2/chr22.png",
                "PosCon2/genome_wide.png",
                "PosCon2/statistics.out",
                "PosCon3/PosCon3.cnv.vcf.gz",
                "PosCon3/PosCon3.cnv.vcf.gz.tbi",
                "PosCon3/PosCon3.expansionhunter.vcf.gz",
                "PosCon3/PosCon3.expansionhunter.vcf.gz.tbi",
                "PosCon3/PosCon3.qdnaseq.abberations.bed",
                "PosCon3/PosCon3.qdnaseq.bed",
                "PosCon3/PosCon3.qdnaseq.cna",
                "PosCon3/PosCon3.qdnaseq_segments.txt",
                "PosCon3/PosCon3.sv.vcf.gz",
                "PosCon3/PosCon3.sv.vcf.gz.tbi",
                "PosCon3/PosCon3.wisecondorx_aberrations.bed",
                "PosCon3/PosCon3.wisecondorx_bins.bed",
                "PosCon3/PosCon3.wisecondorx_segments.bed",
                "PosCon3/PosCon3.wisecondorx_statistics.txt",
                "PosCon3/chr1.png",
                "PosCon3/chr22.png",
                "PosCon3/genome_wide.png",
                "PosCon3/statistics.out",
                "PosCon4/PosCon4.cnv.vcf.gz",
                "PosCon4/PosCon4.cnv.vcf.gz.tbi",
                "PosCon4/PosCon4.expansionhunter.vcf.gz",
                "PosCon4/PosCon4.expansionhunter.vcf.gz.tbi",
                "PosCon4/PosCon4.qdnaseq.abberations.bed",
                "PosCon4/PosCon4.qdnaseq.bed",
                "PosCon4/PosCon4.qdnaseq.cna",
                "PosCon4/PosCon4.qdnaseq_segments.txt",
                "PosCon4/PosCon4.sv.vcf.gz",
                "PosCon4/PosCon4.sv.vcf.gz.tbi",
                "PosCon4/PosCon4.wisecondorx_aberrations.bed",
                "PosCon4/PosCon4.wisecondorx_bins.bed",
                "PosCon4/PosCon4.wisecondorx_segments.bed",
                "PosCon4/PosCon4.wisecondorx_statistics.txt",
                "PosCon4/chr1.png",
                "PosCon4/chr22.png",
                "PosCon4/genome_wide.png",
                "PosCon4/statistics.out",
                "multiqc/multiqc_plots",
                "multiqc/multiqc_report.html"
            ]
        ],
        "meta": {
            "nf-test": "0.9.0",
            "nextflow": "24.04.4"
        },
        "timestamp": "2024-09-24T16:41:59.329131636"
    },
    "concat": {
        "content": [
            [
                
            ],
            [
                "PosCon1/PosCon1.qdnaseq.abberations.bed",
                "PosCon1/PosCon1.qdnaseq.bed",
                "PosCon1/PosCon1.qdnaseq.cna",
                "PosCon1/PosCon1.qdnaseq_segments.txt",
                "PosCon1/PosCon1.vcf.gz",
                "PosCon1/PosCon1.vcf.gz.tbi",
                "PosCon1/PosCon1.wisecondorx_aberrations.bed",
                "PosCon1/PosCon1.wisecondorx_bins.bed",
                "PosCon1/PosCon1.wisecondorx_segments.bed",
                "PosCon1/PosCon1.wisecondorx_statistics.txt",
                "PosCon1/chr1.png",
                "PosCon1/chr22.png",
                "PosCon1/genome_wide.png",
                "PosCon1/statistics.out",
                "PosCon2/PosCon2.qdnaseq.abberations.bed",
                "PosCon2/PosCon2.qdnaseq.bed",
                "PosCon2/PosCon2.qdnaseq.cna",
                "PosCon2/PosCon2.qdnaseq_segments.txt",
                "PosCon2/PosCon2.vcf.gz",
                "PosCon2/PosCon2.vcf.gz.tbi",
                "PosCon2/PosCon2.wisecondorx_aberrations.bed",
                "PosCon2/PosCon2.wisecondorx_bins.bed",
                "PosCon2/PosCon2.wisecondorx_segments.bed",
                "PosCon2/PosCon2.wisecondorx_statistics.txt",
                "PosCon2/chr1.png",
                "PosCon2/chr22.png",
                "PosCon2/genome_wide.png",
                "PosCon2/statistics.out",
                "PosCon3/PosCon3.qdnaseq.abberations.bed",
                "PosCon3/PosCon3.qdnaseq.bed",
                "PosCon3/PosCon3.qdnaseq.cna",
                "PosCon3/PosCon3.qdnaseq_segments.txt",
                "PosCon3/PosCon3.vcf.gz",
                "PosCon3/PosCon3.vcf.gz.tbi",
                "PosCon3/PosCon3.wisecondorx_aberrations.bed",
                "PosCon3/PosCon3.wisecondorx_bins.bed",
                "PosCon3/PosCon3.wisecondorx_segments.bed",
                "PosCon3/PosCon3.wisecondorx_statistics.txt",
                "PosCon3/chr1.png",
                "PosCon3/chr22.png",
                "PosCon3/genome_wide.png",
                "PosCon3/statistics.out",
                "PosCon4/PosCon4.qdnaseq.abberations.bed",
                "PosCon4/PosCon4.qdnaseq.bed",
                "PosCon4/PosCon4.qdnaseq.cna",
                "PosCon4/PosCon4.qdnaseq_segments.txt",
                "PosCon4/PosCon4.vcf.gz",
                "PosCon4/PosCon4.vcf.gz.tbi",
                "PosCon4/PosCon4.wisecondorx_aberrations.bed",
                "PosCon4/PosCon4.wisecondorx_bins.bed",
                "PosCon4/PosCon4.wisecondorx_segments.bed",
                "PosCon4/PosCon4.wisecondorx_statistics.txt",
                "PosCon4/chr1.png",
                "PosCon4/chr22.png",
                "PosCon4/genome_wide.png",
                "PosCon4/statistics.out",
                "multiqc/multiqc_plots",
                "multiqc/multiqc_report.html"
            ]
        ],
        "meta": {
            "nf-test": "0.9.0",
            "nextflow": "24.04.4"
        },
        "timestamp": "2024-09-24T16:43:30.360357399"
    },
    "output callers": {
        "content": [
            [
                
            ],
            [
                "PosCon1/PosCon1.cnv.vcf.gz",
                "PosCon1/PosCon1.cnv.vcf.gz.tbi",
                "PosCon1/PosCon1.expansionhunter.vcf.gz",
                "PosCon1/PosCon1.expansionhunter.vcf.gz.tbi",
                "PosCon1/PosCon1.qdnaseq.abberations.bed",
                "PosCon1/PosCon1.sv.vcf.gz",
                "PosCon1/PosCon1.sv.vcf.gz.tbi",
                "PosCon1/delly/PosCon1.delly.vcf.gz",
                "PosCon1/delly/PosCon1.delly.vcf.gz.tbi",
                "PosCon1/expansionhunter/PosCon1.expansionhunter.vcf.gz",
                "PosCon1/expansionhunter/PosCon1.expansionhunter.vcf.gz.tbi",
                "PosCon1/manta/PosCon1.manta.vcf.gz",
                "PosCon1/manta/PosCon1.manta.vcf.gz.tbi",
                "PosCon1/qdnaseq/PosCon1.qdnaseq.abberations.bed",
                "PosCon1/qdnaseq/PosCon1.qdnaseq.bed",
                "PosCon1/qdnaseq/PosCon1.qdnaseq.cna",
                "PosCon1/qdnaseq/PosCon1.qdnaseq.vcf.gz",
                "PosCon1/qdnaseq/PosCon1.qdnaseq.vcf.gz.tbi",
                "PosCon1/qdnaseq/PosCon1.qdnaseq_segments.txt",
                "PosCon1/qdnaseq/statistics.out",
                "PosCon1/smoove/PosCon1.smoove.vcf.gz",
                "PosCon1/smoove/PosCon1.smoove.vcf.gz.tbi",
                "PosCon1/wisecondorx/PosCon1.wisecondorx.vcf.gz",
                "PosCon1/wisecondorx/PosCon1.wisecondorx.vcf.gz.tbi",
                "PosCon1/wisecondorx/PosCon1.wisecondorx_aberrations.bed",
                "PosCon1/wisecondorx/PosCon1.wisecondorx_bins.bed",
                "PosCon1/wisecondorx/PosCon1.wisecondorx_segments.bed",
                "PosCon1/wisecondorx/PosCon1.wisecondorx_statistics.txt",
                "PosCon1/wisecondorx/chr1.png",
                "PosCon1/wisecondorx/chr22.png",
                "PosCon1/wisecondorx/genome_wide.png",
                "PosCon2/PosCon2.cnv.vcf.gz",
                "PosCon2/PosCon2.cnv.vcf.gz.tbi",
                "PosCon2/PosCon2.expansionhunter.vcf.gz",
                "PosCon2/PosCon2.expansionhunter.vcf.gz.tbi",
                "PosCon2/PosCon2.qdnaseq.abberations.bed",
                "PosCon2/PosCon2.sv.vcf.gz",
                "PosCon2/PosCon2.sv.vcf.gz.tbi",
                "PosCon2/delly/PosCon2.delly.vcf.gz",
                "PosCon2/delly/PosCon2.delly.vcf.gz.tbi",
                "PosCon2/expansionhunter/PosCon2.expansionhunter.vcf.gz",
                "PosCon2/expansionhunter/PosCon2.expansionhunter.vcf.gz.tbi",
                "PosCon2/manta/PosCon2.manta.vcf.gz",
                "PosCon2/manta/PosCon2.manta.vcf.gz.tbi",
                "PosCon2/qdnaseq/PosCon2.qdnaseq.abberations.bed",
                "PosCon2/qdnaseq/PosCon2.qdnaseq.bed",
                "PosCon2/qdnaseq/PosCon2.qdnaseq.cna",
                "PosCon2/qdnaseq/PosCon2.qdnaseq.vcf.gz",
                "PosCon2/qdnaseq/PosCon2.qdnaseq.vcf.gz.tbi",
                "PosCon2/qdnaseq/PosCon2.qdnaseq_segments.txt",
                "PosCon2/qdnaseq/statistics.out",
                "PosCon2/smoove/PosCon2.smoove.vcf.gz",
                "PosCon2/smoove/PosCon2.smoove.vcf.gz.tbi",
                "PosCon2/wisecondorx/PosCon2.wisecondorx.vcf.gz",
                "PosCon2/wisecondorx/PosCon2.wisecondorx.vcf.gz.tbi",
                "PosCon2/wisecondorx/PosCon2.wisecondorx_aberrations.bed",
                "PosCon2/wisecondorx/PosCon2.wisecondorx_bins.bed",
                "PosCon2/wisecondorx/PosCon2.wisecondorx_segments.bed",
                "PosCon2/wisecondorx/PosCon2.wisecondorx_statistics.txt",
                "PosCon2/wisecondorx/chr1.png",
                "PosCon2/wisecondorx/chr22.png",
                "PosCon2/wisecondorx/genome_wide.png",
                "PosCon3/PosCon3.cnv.vcf.gz",
                "PosCon3/PosCon3.cnv.vcf.gz.tbi",
                "PosCon3/PosCon3.expansionhunter.vcf.gz",
                "PosCon3/PosCon3.expansionhunter.vcf.gz.tbi",
                "PosCon3/PosCon3.qdnaseq.abberations.bed",
                "PosCon3/PosCon3.sv.vcf.gz",
                "PosCon3/PosCon3.sv.vcf.gz.tbi",
                "PosCon3/delly/PosCon3.delly.vcf.gz",
                "PosCon3/delly/PosCon3.delly.vcf.gz.tbi",
                "PosCon3/expansionhunter/PosCon3.expansionhunter.vcf.gz",
                "PosCon3/expansionhunter/PosCon3.expansionhunter.vcf.gz.tbi",
                "PosCon3/manta/PosCon3.manta.vcf.gz",
                "PosCon3/manta/PosCon3.manta.vcf.gz.tbi",
                "PosCon3/qdnaseq/PosCon3.qdnaseq.abberations.bed",
                "PosCon3/qdnaseq/PosCon3.qdnaseq.bed",
                "PosCon3/qdnaseq/PosCon3.qdnaseq.cna",
                "PosCon3/qdnaseq/PosCon3.qdnaseq.vcf.gz",
                "PosCon3/qdnaseq/PosCon3.qdnaseq.vcf.gz.tbi",
                "PosCon3/qdnaseq/PosCon3.qdnaseq_segments.txt",
                "PosCon3/qdnaseq/statistics.out",
                "PosCon3/smoove/PosCon3.smoove.vcf.gz",
                "PosCon3/smoove/PosCon3.smoove.vcf.gz.tbi",
                "PosCon3/wisecondorx/PosCon3.wisecondorx.vcf.gz",
                "PosCon3/wisecondorx/PosCon3.wisecondorx.vcf.gz.tbi",
                "PosCon3/wisecondorx/PosCon3.wisecondorx_aberrations.bed",
                "PosCon3/wisecondorx/PosCon3.wisecondorx_bins.bed",
                "PosCon3/wisecondorx/PosCon3.wisecondorx_segments.bed",
                "PosCon3/wisecondorx/PosCon3.wisecondorx_statistics.txt",
                "PosCon3/wisecondorx/chr1.png",
                "PosCon3/wisecondorx/chr22.png",
                "PosCon3/wisecondorx/genome_wide.png",
                "PosCon4/PosCon4.cnv.vcf.gz",
                "PosCon4/PosCon4.cnv.vcf.gz.tbi",
                "PosCon4/PosCon4.expansionhunter.vcf.gz",
                "PosCon4/PosCon4.expansionhunter.vcf.gz.tbi",
                "PosCon4/PosCon4.qdnaseq.abberations.bed",
                "PosCon4/PosCon4.sv.vcf.gz",
                "PosCon4/PosCon4.sv.vcf.gz.tbi",
                "PosCon4/delly/PosCon4.delly.vcf.gz",
                "PosCon4/delly/PosCon4.delly.vcf.gz.tbi",
                "PosCon4/expansionhunter/PosCon4.expansionhunter.vcf.gz",
                "PosCon4/expansionhunter/PosCon4.expansionhunter.vcf.gz.tbi",
                "PosCon4/manta/PosCon4.manta.vcf.gz",
                "PosCon4/manta/PosCon4.manta.vcf.gz.tbi",
                "PosCon4/qdnaseq/PosCon4.qdnaseq.abberations.bed",
                "PosCon4/qdnaseq/PosCon4.qdnaseq.bed",
                "PosCon4/qdnaseq/PosCon4.qdnaseq.cna",
                "PosCon4/qdnaseq/PosCon4.qdnaseq.vcf.gz",
                "PosCon4/qdnaseq/PosCon4.qdnaseq.vcf.gz.tbi",
                "PosCon4/qdnaseq/PosCon4.qdnaseq_segments.txt",
                "PosCon4/qdnaseq/statistics.out",
                "PosCon4/smoove/PosCon4.smoove.vcf.gz",
                "PosCon4/smoove/PosCon4.smoove.vcf.gz.tbi",
                "PosCon4/wisecondorx/PosCon4.wisecondorx.vcf.gz",
                "PosCon4/wisecondorx/PosCon4.wisecondorx.vcf.gz.tbi",
                "PosCon4/wisecondorx/PosCon4.wisecondorx_aberrations.bed",
                "PosCon4/wisecondorx/PosCon4.wisecondorx_bins.bed",
                "PosCon4/wisecondorx/PosCon4.wisecondorx_segments.bed",
                "PosCon4/wisecondorx/PosCon4.wisecondorx_statistics.txt",
                "PosCon4/wisecondorx/chr1.png",
                "PosCon4/wisecondorx/chr22.png",
                "PosCon4/wisecondorx/genome_wide.png",
                "multiqc/multiqc_plots",
                "multiqc/multiqc_report.html"
            ]
        ],
        "meta": {
            "nf-test": "0.9.0",
            "nextflow": "24.04.4"
        },
        "timestamp": "2024-09-24T16:45:01.53178248"
    }
}