{
    "duplicate of 2 lines + 1 sample": {
        "content": [
            [
                
            ],
            [
                [
                    "PosCon1.cnv.vcf.gz:md5,d41d8cd98f00b204e9800998ecf8427e",
                    "PosCon1.cnv.vcf.gz.tbi:md5,d41d8cd98f00b204e9800998ecf8427e",
                    "PosCon1.repeats.vcf.gz:md5,d41d8cd98f00b204e9800998ecf8427e",
                    "PosCon1.repeats.vcf.gz.tbi:md5,d41d8cd98f00b204e9800998ecf8427e",
                    "PosCon1.sv.vcf.gz:md5,d41d8cd98f00b204e9800998ecf8427e",
                    "PosCon1.sv.vcf.gz.tbi:md5,d41d8cd98f00b204e9800998ecf8427e",
                    "PosCon1.wisecondorx.vcf.gz.tbi:md5,d41d8cd98f00b204e9800998ecf8427e",
                    "PosCon1.wisecondorx_aberrations.bed:md5,d41d8cd98f00b204e9800998ecf8427e",
                    "PosCon1.wisecondorx_bins.bed:md5,d41d8cd98f00b204e9800998ecf8427e",
                    "PosCon1.wisecondorx_chr_statistics.txt:md5,d41d8cd98f00b204e9800998ecf8427e",
                    "PosCon1.wisecondorx_segments.bed:md5,d41d8cd98f00b204e9800998ecf8427e",
                    "chr1.png:md5,d41d8cd98f00b204e9800998ecf8427e",
                    "chr22.png:md5,d41d8cd98f00b204e9800998ecf8427e",
                    "genome_wide.png:md5,d41d8cd98f00b204e9800998ecf8427e"
                ],
                [
                    "PosCon3.cnv.vcf.gz:md5,d41d8cd98f00b204e9800998ecf8427e",
                    "PosCon3.cnv.vcf.gz.tbi:md5,d41d8cd98f00b204e9800998ecf8427e",
                    "PosCon3.repeats.vcf.gz:md5,d41d8cd98f00b204e9800998ecf8427e",
                    "PosCon3.repeats.vcf.gz.tbi:md5,d41d8cd98f00b204e9800998ecf8427e",
                    "PosCon3.sv.vcf.gz:md5,d41d8cd98f00b204e9800998ecf8427e",
                    "PosCon3.sv.vcf.gz.tbi:md5,d41d8cd98f00b204e9800998ecf8427e",
                    "PosCon3.wisecondorx.vcf.gz.tbi:md5,d41d8cd98f00b204e9800998ecf8427e",
                    "PosCon3.wisecondorx_aberrations.bed:md5,d41d8cd98f00b204e9800998ecf8427e",
                    "PosCon3.wisecondorx_bins.bed:md5,d41d8cd98f00b204e9800998ecf8427e",
                    "PosCon3.wisecondorx_chr_statistics.txt:md5,d41d8cd98f00b204e9800998ecf8427e",
                    "PosCon3.wisecondorx_segments.bed:md5,d41d8cd98f00b204e9800998ecf8427e",
                    "chr1.png:md5,d41d8cd98f00b204e9800998ecf8427e",
                    "chr22.png:md5,d41d8cd98f00b204e9800998ecf8427e",
                    "genome_wide.png:md5,d41d8cd98f00b204e9800998ecf8427e"
                ]
            ],
            [
                "PosCon1",
                "PosCon3",
                "pipeline_info"
            ]
        ],
        "timestamp": "2023-11-30T13:19:08.640465122"
    }
}