{
    "homo_sapiens": {
        "content": [
            [
                [
                    {
                        "id": "test",
                        "sample": "test",
                        "sex": "male"
                    },
                    "test.qdnaseq.vcf.gz:md5,9986dde8f8c44e05c92bdaeed138d6af"
                ],
                [
                    {
                        "id": "test2",
                        "sample": "test2",
                        "sex": "female"
                    },
                    "test2.qdnaseq.vcf.gz:md5,2ebc9fd7939164b3393f1f566be21da0"
                ]
            ],
            [
                [
                    {
                        "id": "test",
                        "sample": "test",
                        "sex": "male",
                        "caller": "qdnaseq"
                    },
                    "test.bed:md5,19be72c3f56297070c6070ded3419dee"
                ],
                [
                    {
                        "id": "test2",
                        "sample": "test2",
                        "sex": "female",
                        "caller": "qdnaseq"
                    },
                    "test2.bed:md5,fed14c95db6bed194f40f262d68399d1"
                ]
            ],
            10,
            0
        ],
        "meta": {
            "nf-test": "0.8.4",
            "nextflow": "24.02.0"
        },
        "timestamp": "2024-03-11T14:20:46.776654022"
    }
}