{
    "homo_sapiens - sv, no_filter": {
        "content": [
            [
                [
                    {
                        "id": "test",
                        "sample": "test",
                        "sex": "male",
                        "family": "test1",
                        "family_count": 1,
                        "hpo": [
                            
                        ],
                        "variant_type": "sv"
                    },
                    "test.sv.vcf.gz",
                    "test.sv.vcf.gz.tbi"
                ]
            ],
            [
                "test.vep.summary.html:md5,d41d8cd98f00b204e9800998ecf8427e"
            ],
            22,
            0
        ],
        "meta": {
            "nf-test": "0.8.4",
            "nextflow": "24.04.2"
        },
        "timestamp": "2024-06-05T16:01:35.19225934"
    },
    "homo_sapiens - sv & cnv": {
        "content": [
            [
                [
                    {
                        "id": "test",
                        "sample": "test",
                        "sex": "male",
                        "family": "test1",
                        "family_count": 1,
                        "hpo": [
                            
                        ],
                        "variant_type": "cnv"
                    },
                    "test.cnv.vcf.gz",
                    "test.cnv.vcf.gz.tbi"
                ],
                [
                    {
                        "id": "test",
                        "sample": "test",
                        "sex": "male",
                        "family": "test1",
                        "family_count": 1,
                        "hpo": [
                            
                        ],
                        "variant_type": "sv"
                    },
                    "test.sv.vcf.gz",
                    "test.sv.vcf.gz.tbi"
                ]
            ],
            [
                "test.vep.summary.html:md5,d41d8cd98f00b204e9800998ecf8427e",
                "test.vep.summary.html:md5,d41d8cd98f00b204e9800998ecf8427e"
            ],
            44,
            0
        ],
        "meta": {
            "nf-test": "0.8.4",
            "nextflow": "24.04.2"
        },
        "timestamp": "2024-06-05T16:04:50.892603799"
    },
    "homo_sapiens - cnv, filter": {
        "content": [
            [
                [
                    {
                        "id": "test",
                        "sample": "test",
                        "sex": "male",
                        "family": "test1",
                        "family_count": 1,
                        "hpo": [
                            
                        ],
                        "variant_type": "cnv"
                    },
                    "test.cnv.vcf.gz",
                    "test.cnv.vcf.gz.tbi"
                ]
            ],
            [
                "test.vep.summary.html:md5,d41d8cd98f00b204e9800998ecf8427e"
            ],
            23,
            0
        ],
        "meta": {
            "nf-test": "0.8.4",
            "nextflow": "24.04.2"
        },
        "timestamp": "2024-06-05T16:02:48.492322238"
    }
}