{
    "homo_sapiens - strvctvre": {
        "content": [
            {
                "reports": [
                    
                ],
                "vcfs": [
                    [
                        {
                            "id": "test",
                            "sample": "test",
                            "sex": "male",
                            "family": "test1",
                            "family_count": 1,
                            "hpo": [
                                
                            ],
                            "variant_type": "sv"
                        },
                        "test.sv.strvctvre.vcf.gz:md5,68b329da9893e34099c7d8ad5cb9c940",
                        "test.sv.strvctvre.vcf.gz.tbi:md5,d41d8cd98f00b204e9800998ecf8427e"
                    ]
                ],
                "versions": [
                    {
                        "VCF_ANNOTATE:TABIX_BGZIPTABIX": {
                            "bgzip": 1.21,
                            "tabix": 1.21
                        }
                    },
                    {
                        "VCF_ANNOTATE:STRVCTVRE_STRVCTVRE": {
                            "strvctvre": "1.10"
                        }
                    }
                ]
            }
        ],
        "meta": {
            "nf-test": "0.9.2",
            "nextflow": "25.10.2"
        },
        "timestamp": "2026-01-13T10:34:12.564741869"
    },
    "homo_sapiens - svannotate": {
        "content": [
            {
                "reports": [
                    
                ],
                "vcfs": [
                    [
                        {
                            "id": "test",
                            "sample": "test",
                            "sex": "male",
                            "family": "test1",
                            "family_count": 1,
                            "hpo": [
                                
                            ],
                            "variant_type": "sv"
                        },
                        "test.sv.svannotate.vcf.gz:md5,68b329da9893e34099c7d8ad5cb9c940",
                        "test.sv.svannotate.vcf.gz.tbi:md5,d41d8cd98f00b204e9800998ecf8427e"
                    ]
                ],
                "versions": [
                    {
                        "VCF_ANNOTATE:GATK4_SVANNOTATE": {
                            "gatk4": "4.6.2.0"
                        }
                    }
                ]
            }
        ],
        "meta": {
            "nf-test": "0.9.2",
            "nextflow": "25.10.2"
        },
        "timestamp": "2026-01-13T10:33:57.708790373"
    },
    "homo_sapiens - vcfanno": {
        "content": [
            {
                "reports": [
                    
                ],
                "vcfs": [
                    [
                        {
                            "id": "test",
                            "sample": "test",
                            "sex": "male",
                            "family": "test1",
                            "family_count": 1,
                            "hpo": [
                                
                            ],
                            "variant_type": "sv"
                        },
                        "/nf-cmgg/test-datasets/raw/main/data/genomics/homo_sapiens/illumina/vcf/SVcontrol/sv/PosCon1.sv.vcf.gz",
                        "/nf-cmgg/test-datasets/raw/main/data/genomics/homo_sapiens/illumina/vcf/SVcontrol/sv/PosCon1.sv.vcf.gz.tbi"
                    ]
                ],
                "versions": [
                    
                ]
            }
        ],
        "meta": {
            "nf-test": "0.9.2",
            "nextflow": "25.04.6"
        },
        "timestamp": "2025-10-07T16:43:39.153654599"
    },
    "homo_sapiens - all": {
        "content": [
            {
                "reports": [
                    "test.vep_summary.html:md5,d41d8cd98f00b204e9800998ecf8427e"
                ],
                "vcfs": [
                    [
                        {
                            "id": "test",
                            "sample": "test",
                            "sex": "male",
                            "family": "test1",
                            "family_count": 1,
                            "hpo": [
                                
                            ],
                            "variant_type": "sv"
                        },
                        "test.sv.strvctvre.vcf.gz:md5,68b329da9893e34099c7d8ad5cb9c940",
                        "test.sv.strvctvre.vcf.gz.tbi:md5,d41d8cd98f00b204e9800998ecf8427e"
                    ]
                ],
                "versions": [
                    {
                        "VCF_ANNOTATE:TABIX_BGZIPTABIX": {
                            "bgzip": 1.21,
                            "tabix": 1.21
                        }
                    },
                    {
                        "VCF_ANNOTATE:STRVCTVRE_STRVCTVRE": {
                            "strvctvre": "1.10"
                        }
                    },
                    {
                        "VCF_ANNOTATE:GATK4_SVANNOTATE": {
                            "gatk4": "4.6.2.0"
                        }
                    }
                ]
            }
        ],
        "meta": {
            "nf-test": "0.9.2",
            "nextflow": "25.10.2"
        },
        "timestamp": "2026-01-13T10:33:10.4275668"
    },
    "homo_sapiens - vep": {
        "content": [
            {
                "reports": [
                    "test.vep_summary.html:md5,d41d8cd98f00b204e9800998ecf8427e"
                ],
                "vcfs": [
                    [
                        {
                            "id": "test",
                            "sample": "test",
                            "sex": "male",
                            "family": "test1",
                            "family_count": 1,
                            "hpo": [
                                
                            ],
                            "variant_type": "sv"
                        },
                        "test.vep.vcf.gz:md5,68b329da9893e34099c7d8ad5cb9c940",
                        "test.vep.vcf.gz.tbi:md5,d41d8cd98f00b204e9800998ecf8427e"
                    ]
                ],
                "versions": [
                    
                ]
            }
        ],
        "meta": {
            "nf-test": "0.9.2",
            "nextflow": "25.10.2"
        },
        "timestamp": "2026-01-13T10:33:26.137904209"
    }
}