{
    "homo_sapiens - strvctvre": {
        "content": [
            {
                "reports": [
                    
                ],
                "vcfs": [
                    [
                        {
                            "id": "test",
                            "sample": "test",
                            "sex": "male",
                            "family": "test1",
                            "family_count": 1,
                            "hpo": [
                                
                            ],
                            "variant_type": "sv"
                        },
                        "test.sv.strvctvre.vcf.gz:md5,68b329da9893e34099c7d8ad5cb9c940",
                        "test.sv.strvctvre.vcf.gz.tbi:md5,d41d8cd98f00b204e9800998ecf8427e"
                    ]
                ]
            }
        ],
        "timestamp": "2026-02-23T14:34:35.688651611",
        "meta": {
            "nf-test": "0.9.4",
            "nextflow": "25.10.4"
        }
    },
    "homo_sapiens - svannotate": {
        "content": [
            {
                "reports": [
                    
                ],
                "vcfs": [
                    [
                        {
                            "id": "test",
                            "sample": "test",
                            "sex": "male",
                            "family": "test1",
                            "family_count": 1,
                            "hpo": [
                                
                            ],
                            "variant_type": "sv"
                        },
                        "test.sv.svannotate.vcf.gz:md5,68b329da9893e34099c7d8ad5cb9c940",
                        "test.sv.svannotate.vcf.gz.tbi:md5,d41d8cd98f00b204e9800998ecf8427e"
                    ]
                ]
            }
        ],
        "timestamp": "2026-02-23T14:34:22.504174527",
        "meta": {
            "nf-test": "0.9.4",
            "nextflow": "25.10.4"
        }
    },
    "homo_sapiens - vcfanno": {
        "content": [
            {
                "reports": [
                    
                ],
                "vcfs": [
                    [
                        {
                            "id": "test",
                            "sample": "test",
                            "sex": "male",
                            "family": "test1",
                            "family_count": 1,
                            "hpo": [
                                
                            ],
                            "variant_type": "sv"
                        },
                        "/nf-cmgg/test-datasets/raw/main/data/genomics/homo_sapiens/illumina/vcf/SVcontrol/sv/PosCon1.sv.vcf.gz",
                        "/nf-cmgg/test-datasets/raw/main/data/genomics/homo_sapiens/illumina/vcf/SVcontrol/sv/PosCon1.sv.vcf.gz.tbi"
                    ]
                ]
            }
        ],
        "timestamp": "2026-02-23T14:34:08.334392693",
        "meta": {
            "nf-test": "0.9.4",
            "nextflow": "25.10.4"
        }
    },
    "homo_sapiens - all": {
        "content": [
            {
                "reports": [
                    [
                        {
                            "id": "test",
                            "sample": "test",
                            "sex": "male",
                            "family": "test1",
                            "family_count": 1,
                            "hpo": [
                                
                            ],
                            "variant_type": "sv"
                        },
                        "VCF_ANNOTATE:ENSEMBLVEP_VEP",
                        "ensemblvep",
                        "test.vep_summary.html:md5,d41d8cd98f00b204e9800998ecf8427e"
                    ]
                ],
                "vcfs": [
                    [
                        {
                            "id": "test",
                            "sample": "test",
                            "sex": "male",
                            "family": "test1",
                            "family_count": 1,
                            "hpo": [
                                
                            ],
                            "variant_type": "sv"
                        },
                        "test.sv.strvctvre.vcf.gz:md5,68b329da9893e34099c7d8ad5cb9c940",
                        "test.sv.strvctvre.vcf.gz.tbi:md5,d41d8cd98f00b204e9800998ecf8427e"
                    ]
                ]
            }
        ],
        "timestamp": "2026-02-23T14:33:46.469234777",
        "meta": {
            "nf-test": "0.9.4",
            "nextflow": "25.10.4"
        }
    },
    "homo_sapiens - vep": {
        "content": [
            {
                "reports": [
                    [
                        {
                            "id": "test",
                            "sample": "test",
                            "sex": "male",
                            "family": "test1",
                            "family_count": 1,
                            "hpo": [
                                
                            ],
                            "variant_type": "sv"
                        },
                        "VCF_ANNOTATE:ENSEMBLVEP_VEP",
                        "ensemblvep",
                        "test.vep_summary.html:md5,d41d8cd98f00b204e9800998ecf8427e"
                    ]
                ],
                "vcfs": [
                    [
                        {
                            "id": "test",
                            "sample": "test",
                            "sex": "male",
                            "family": "test1",
                            "family_count": 1,
                            "hpo": [
                                
                            ],
                            "variant_type": "sv"
                        },
                        "test.vep.vcf.gz:md5,68b329da9893e34099c7d8ad5cb9c940",
                        "test.vep.vcf.gz.tbi:md5,d41d8cd98f00b204e9800998ecf8427e"
                    ]
                ]
            }
        ],
        "timestamp": "2026-02-23T14:33:58.373248188",
        "meta": {
            "nf-test": "0.9.4",
            "nextflow": "25.10.4"
        }
    }
}