{
    "homo_sapiens": {
        "content": [
            [
                "##contig=<ID=chr16,length=2000001>",
                "##contig=<ID=chrX,length=2000001>",
                "#CHROM\tPOS\tID\tREF\tALT\tQUAL\tFILTER\tINFO\tFORMAT\tPosCon1",
                "chr16\t1061455\tmanta_DEL_1\tGTTCCACTCATGTTGTTGCAGATTACTGGATCTCACTCTTTTTTATGGGTGAATCGTACTTCATAGTGTATATGTACC\t<DEL>\t619\tPASS\tCALLERS=manta;CIPOS=0,5;END=1061532;SVLEN=-77;SVTYPE=DEL\tGT:PE:SR\t1/1:0,0:0,19"
            ],
            "test.svync.manta.vcf.gz.tbi",
            6,
            0
        ],
        "meta": {
            "nf-test": "0.9.2",
            "nextflow": "25.04.6"
        },
        "timestamp": "2025-07-22T12:16:57.486074419"
    }
}
