{
    "homo_sapiens": {
        "content": [
            [
                "##ALT=<ID=DUP:TANDEM,Description=\"Tandem Duplication\">",
                "##cmdline=/usr/local/bin/configManta.py --bam PosCon1.cram --config manta_config.ini --reference reference.fasta --runDir manta --callRegions fai.bed.gz",
                "#CHROM\tPOS\tID\tREF\tALT\tQUAL\tFILTER\tINFO\tFORMAT\tPosCon1",
                "chr16\t1061455\tMantaDEL:8:0:0:0:0:0\tGTTCCACTCATGTTGTTGCAGATTACTGGATCTCACTCTTTTTTATGGGTGAATCGTACTTCATAGTGTATATGTACC\tG\t619\tPASS\tEND=1061532;SVTYPE=DEL;SVLEN=-77;CIGAR=1M77D;CIPOS=0,5;HOMLEN=5;HOMSEQ=TTCCA\tGT:FT:GQ:PL:PR:SR\t1/1:PASS:59:672,62,0:0,0:0,19"
            ],
            "test.manta.vcf.gz.tbi",
            4
        ],
        "timestamp": "2023-11-28T14:32:21.474383641"
    }
}