{
    "homo_sapiens": {
        "content": [
            [
                "##contig=<ID=chr16,length=2000001>",
                "##contig=<ID=chrX,length=2000001>",
                "#CHROM\tPOS\tID\tREF\tALT\tQUAL\tFILTER\tINFO\tFORMAT\tPosCon1",
                "chr16\t1061455\tmanta_DEL_1\tGTTCCACTCATGTTGTTGCAGATTACTGGATCTCACTCTTTTTTATGGGTGAATCGTACTTCATAGTGTATATGTACC\tG\t619\tPASS\tCALLERS=manta;CIPOS=0,5;END=1061532;SVLEN=-77;SVTYPE=DEL\tGT:PE:SR\t1/1:0,0:0,19"
            ],
            "test.svync.manta.vcf.gz.tbi",
            6,
            0
        ],
        "meta": {
            "nf-test": "0.8.4",
            "nextflow": "24.02.0"
        },
        "timestamp": "2024-03-11T14:12:51.499950856"
    }
}