{
    "homo sapiens - [cram, []], fasta, fai": {
        "content": [
            [
                [
                    {
                        "id": "test",
                        "sample": "test",
                        "sex": "male"
                    },
                    "/nf-core/test-datasets/modules/data/genomics/homo_sapiens/illumina/cram/test.paired_end.sorted.cram",
                    "test.paired_end.sorted.cram.crai:md5,31ffc1b11f53210e4ac0d55092de0652"
                ]
            ],
            1
        ],
        "timestamp": "2023-11-28T13:19:21.600361731"
    },
    "homo sapiens - [[cram, crai], [cram, []]], fasta, fai - One sample": {
        "content": [
            "test.cram",
            "test.cram.crai",
            2
        ],
        "timestamp": "2023-11-28T13:24:23.217939263"
    },
    "homo sapiens - [[cram, crai], [cram, []]], fasta, fai - Two samples": {
        "content": [
            [
                [
                    {
                        "id": "test",
                        "sample": "test",
                        "sex": "male"
                    },
                    "/nf-core/test-datasets/modules/data/genomics/homo_sapiens/illumina/cram/test.paired_end.sorted.cram",
                    "/nf-core/test-datasets/modules/data/genomics/homo_sapiens/illumina/cram/test.paired_end.sorted.cram.crai"
                ],
                [
                    {
                        "id": "test2",
                        "sample": "test2",
                        "sex": "male"
                    },
                    "/nf-core/test-datasets/modules/data/genomics/homo_sapiens/illumina/cram/test2.paired_end.sorted.cram",
                    "test2.paired_end.sorted.cram.crai:md5,633a024a94932189bd5fbc84f62ce6ac"
                ]
            ],
            1
        ],
        "timestamp": "2023-11-28T13:22:41.340593018"
    }
}