{
    "homo sapiens - [cram, []], fasta, fai": {
        "content": [
            [
                [
                    {
                        "id": "test",
                        "sample": "test",
                        "sex": "male"
                    },
                    "/nf-cmgg/test-datasets/raw/main/data/genomics/homo_sapiens/illumina/cram/SVcontrol/PosCon1.cram",
                    "PosCon1.cram.crai:md5,ad1288bcc69e6e11316b933903cf7bcf"
                ]
            ],
            1,
            0
        ],
        "meta": {
            "nf-test": "0.8.4",
            "nextflow": "24.03.0"
        },
        "timestamp": "2024-05-06T15:02:28.210751679"
    },
    "homo sapiens - [[cram, crai], [cram, []]], fasta, fai - One sample": {
        "content": [
            "test.cram",
            "test.cram.crai",
            2,
            0
        ],
        "meta": {
            "nf-test": "0.8.4",
            "nextflow": "24.03.0"
        },
        "timestamp": "2023-11-29T16:38:40.713398061"
    },
    "homo sapiens - [[cram, crai], [cram, []]], fasta, fai - Two samples": {
        "content": [
            [
                [
                    {
                        "id": "test",
                        "sample": "test",
                        "sex": "male"
                    },
                    "/nf-cmgg/test-datasets/raw/main/data/genomics/homo_sapiens/illumina/cram/SVcontrol/PosCon1.cram",
                    "/nf-cmgg/test-datasets/raw/main/data/genomics/homo_sapiens/illumina/cram/SVcontrol/PosCon1.cram.crai"
                ],
                [
                    {
                        "id": "test2",
                        "sample": "test2",
                        "sex": "male"
                    },
                    "/nf-cmgg/test-datasets/raw/main/data/genomics/homo_sapiens/illumina/cram/SVcontrol/PosCon2.cram",
                    "PosCon2.cram.crai:md5,bdb6e116dfeb217be18e3e44eab33cb6"
                ]
            ],
            1,
            0
        ],
        "meta": {
            "nf-test": "0.8.4",
            "nextflow": "24.03.0"
        },
        "timestamp": "2024-05-06T15:02:49.440862334"
    }
}