{
    "homo_sapiens - one family, no variant type": {
        "content": [
            "fam.vcf.gz",
            "fam.vcf.gz.tbi",
            4,
            0
        ],
        "timestamp": "2024-01-12T14:06:35.803693267"
    },
    "homo_sapiens - two samples, no variant type": {
        "content": [
            [
                
            ],
            0,
            0
        ],
        "timestamp": "2023-11-29T16:36:53.707905031"
    },
    "homo_sapiens - two samples, variant types": {
        "content": [
            [
                
            ],
            0,
            0
        ],
        "timestamp": "2023-11-29T16:36:05.916625863"
    },
    "homo_sapiens - one family, variant types": {
        "content": [
            "fam.cnv.vcf.gz",
            "fam.cnv.vcf.gz.tbi",
            8,
            0
        ],
        "timestamp": "2024-01-12T14:05:29.802719932"
    },
    "homo_sapiens - one family & one sample, variant types": {
        "content": [
            "fam1.cnv.vcf.gz",
            "fam1.cnv.vcf.gz.tbi",
            8,
            0
        ],
        "timestamp": "2024-01-12T14:06:12.197270001"
    },
    "homo_sapiens - one family & one sample, no variant types": {
        "content": [
            "fam1.vcf.gz",
            "fam1.vcf.gz.tbi",
            4,
            0
        ],
        "timestamp": "2024-01-12T14:07:09.457160509"
    }
}