{
    "homo_sapiens": {
        "content": [
            [
                [
                    {
                        "id": "test",
                        "sample": "test",
                        "sex": "male",
                        "caller": "wisecondorx"
                    },
                    "test_aberrations.bed:md5,d41d8cd98f00b204e9800998ecf8427e"
                ]
            ],
            [
                [
                    {
                        "id": "test",
                        "sample": "test",
                        "sex": "male",
                        "caller": "wisecondorx"
                    },
                    "test_bins.bed:md5,d41d8cd98f00b204e9800998ecf8427e"
                ]
            ],
            [
                [
                    {
                        "id": "test",
                        "sample": "test",
                        "sex": "male",
                        "caller": "wisecondorx"
                    },
                    "test_segments.bed:md5,d41d8cd98f00b204e9800998ecf8427e"
                ]
            ],
            [
                [
                    {
                        "id": "test",
                        "sample": "test",
                        "sex": "male",
                        "caller": "wisecondorx"
                    },
                    "test_chr_statistics.txt:md5,d41d8cd98f00b204e9800998ecf8427e"
                ]
            ],
            [
                [
                    {
                        "id": "test",
                        "sample": "test",
                        "sex": "male",
                        "caller": "wisecondorx"
                    },
                    [
                        "chr1.png:md5,d41d8cd98f00b204e9800998ecf8427e",
                        "chr22.png:md5,d41d8cd98f00b204e9800998ecf8427e"
                    ]
                ]
            ],
            [
                [
                    {
                        "id": "test",
                        "sample": "test",
                        "sex": "male",
                        "caller": "wisecondorx"
                    },
                    "genome_wide.png:md5,d41d8cd98f00b204e9800998ecf8427e"
                ]
            ],
            [
                [
                    {
                        "id": "test",
                        "sample": "test",
                        "sex": "male"
                    },
                    "test.vcf.gz:md5,d41d8cd98f00b204e9800998ecf8427e"
                ]
            ],
            4,
            0
        ],
        "timestamp": "2023-11-29T16:38:20.994392088"
    }
}