{
    "homo_sapiens": {
        "content": [
            [
                [
                    {
                        "id": "test",
                        "sample": "test",
                        "sex": "male",
                        "caller": "wisecondorx"
                    },
                    "test.wisecondorx_aberrations.bed:md5,d41d8cd98f00b204e9800998ecf8427e"
                ]
            ],
            [
                [
                    {
                        "id": "test",
                        "sample": "test",
                        "sex": "male",
                        "caller": "wisecondorx"
                    },
                    "test.wisecondorx_bins.bed:md5,d41d8cd98f00b204e9800998ecf8427e"
                ]
            ],
            [
                [
                    {
                        "id": "test",
                        "sample": "test",
                        "sex": "male",
                        "caller": "wisecondorx"
                    },
                    "test.wisecondorx_segments.bed:md5,d41d8cd98f00b204e9800998ecf8427e"
                ]
            ],
            [
                [
                    {
                        "id": "test",
                        "sample": "test",
                        "sex": "male",
                        "caller": "wisecondorx"
                    },
                    "test.wisecondorx_chr_statistics.txt:md5,d41d8cd98f00b204e9800998ecf8427e"
                ]
            ],
            [
                [
                    {
                        "id": "test",
                        "sample": "test",
                        "sex": "male",
                        "caller": "wisecondorx"
                    },
                    [
                        "chr1.png:md5,d41d8cd98f00b204e9800998ecf8427e",
                        "chr22.png:md5,d41d8cd98f00b204e9800998ecf8427e"
                    ]
                ]
            ],
            [
                [
                    {
                        "id": "test",
                        "sample": "test",
                        "sex": "male",
                        "caller": "wisecondorx"
                    },
                    "genome_wide.png:md5,d41d8cd98f00b204e9800998ecf8427e"
                ]
            ],
            [
                {
                    "id": "test",
                    "sample": "test",
                    "sex": "male"
                },
                "test.vcf.gz"
            ],
            4,
            0
        ],
        "meta": {
            "nf-test": "0.8.4",
            "nextflow": "24.03.0"
        },
        "timestamp": "2024-05-06T15:54:06.8767855"
    }
}