{
    "homo_sapiens - wisecondorx": {
        "content": [
            [
                
            ],
            [
                {
                    "id": "test",
                    "sample": "test",
                    "sex": "male",
                    "variant_type": "cnv"
                },
                "test.wisecondorx.vcf.gz",
                "test.wisecondorx.vcf.gz.tbi"
            ],
            5,
            0
        ],
        "timestamp": "2024-03-11T13:42:50.111774064",
        "meta": {
            "nf-test": "0.8.4",
            "nextflow": "24.02.0"
        }
    },
    "homo_sapiens - qdnaseq": {
        "content": [
            [
                
            ],
            [
                {
                    "id": "test",
                    "sample": "test",
                    "sex": "male",
                    "variant_type": "cnv"
                },
                "test.qdnaseq.vcf.gz",
                "test.qdnaseq.vcf.gz.tbi"
            ],
            5,
            0
        ],
        "timestamp": "2026-02-23T14:37:38.390307784",
        "meta": {
            "nf-test": "0.9.4",
            "nextflow": "25.10.4"
        }
    },
    "homo_sapiens - all cnv callers": {
        "content": [
            [
                
            ],
            [
                {
                    "id": "test",
                    "sample": "test",
                    "sex": "male",
                    "variant_type": "cnv"
                },
                "test.cnv.vcf.gz",
                "test.cnv.vcf.gz.tbi"
            ],
            13,
            0
        ],
        "timestamp": "2026-02-23T14:38:14.157675225",
        "meta": {
            "nf-test": "0.9.4",
            "nextflow": "25.10.4"
        }
    }
}