{
    "family with 2 samples + 1 sample - concat": {
        "content": [
            [
                
            ],
            [
                [
                    "PosCon1.qdnaseq.abberations.bed",
                    "PosCon1.qdnaseq.bed",
                    "PosCon1.qdnaseq.cna",
                    "PosCon1.qdnaseq_segments.txt",
                    "PosCon1.vcf.gz",
                    "PosCon1.vcf.gz.tbi",
                    "PosCon1.wisecondorx_aberrations.bed",
                    "PosCon1.wisecondorx_bins.bed",
                    "PosCon1.wisecondorx_chr_statistics.txt",
                    "PosCon1.wisecondorx_segments.bed",
                    "chr1.png",
                    "chr22.png",
                    "genome_wide.png",
                    "statistics.out"
                ],
                [
                    "PosCon2.qdnaseq.abberations.bed",
                    "PosCon2.qdnaseq.bed",
                    "PosCon2.qdnaseq.cna",
                    "PosCon2.qdnaseq_segments.txt",
                    "PosCon2.vcf.gz",
                    "PosCon2.vcf.gz.tbi",
                    "PosCon2.wisecondorx_aberrations.bed",
                    "PosCon2.wisecondorx_bins.bed",
                    "PosCon2.wisecondorx_chr_statistics.txt",
                    "PosCon2.wisecondorx_segments.bed",
                    "chr1.png",
                    "chr22.png",
                    "genome_wide.png",
                    "statistics.out"
                ],
                [
                    "PosCon3.qdnaseq.abberations.bed",
                    "PosCon3.qdnaseq.bed",
                    "PosCon3.qdnaseq.cna",
                    "PosCon3.qdnaseq_segments.txt",
                    "PosCon3.vcf.gz",
                    "PosCon3.vcf.gz.tbi",
                    "PosCon3.wisecondorx_aberrations.bed",
                    "PosCon3.wisecondorx_bins.bed",
                    "PosCon3.wisecondorx_chr_statistics.txt",
                    "PosCon3.wisecondorx_segments.bed",
                    "chr1.png",
                    "chr22.png",
                    "genome_wide.png",
                    "statistics.out"
                ],
                [
                    "multiqc_data",
                    "multiqc_plots",
                    "multiqc_report.html"
                ],
                [
                    "test_family.vcf.gz",
                    "test_family.vcf.gz.tbi"
                ]
            ],
            [
                "PosCon1",
                "PosCon2",
                "PosCon3",
                "multiqc",
                "pipeline_info",
                "test_family"
            ]
        ],
        "meta": {
            "nf-test": "0.8.4",
            "nextflow": "24.02.0"
        },
        "timestamp": "2024-03-13T12:12:35.02840081"
    },
    "family with 2 samples + 1 sample - no concat": {
        "content": [
            [
                
            ],
            [
                [
                    "PosCon1.cnv.vcf.gz",
                    "PosCon1.cnv.vcf.gz.tbi",
                    "PosCon1.expansionhunter.vcf.gz",
                    "PosCon1.expansionhunter.vcf.gz.tbi",
                    "PosCon1.qdnaseq.abberations.bed",
                    "PosCon1.qdnaseq.bed",
                    "PosCon1.qdnaseq.cna",
                    "PosCon1.qdnaseq_segments.txt",
                    "PosCon1.sv.vcf.gz",
                    "PosCon1.sv.vcf.gz.tbi",
                    "PosCon1.wisecondorx_aberrations.bed",
                    "PosCon1.wisecondorx_bins.bed",
                    "PosCon1.wisecondorx_chr_statistics.txt",
                    "PosCon1.wisecondorx_segments.bed",
                    "chr1.png",
                    "chr22.png",
                    "genome_wide.png",
                    "statistics.out"
                ],
                [
                    "PosCon2.cnv.vcf.gz",
                    "PosCon2.cnv.vcf.gz.tbi",
                    "PosCon2.expansionhunter.vcf.gz",
                    "PosCon2.expansionhunter.vcf.gz.tbi",
                    "PosCon2.qdnaseq.abberations.bed",
                    "PosCon2.qdnaseq.bed",
                    "PosCon2.qdnaseq.cna",
                    "PosCon2.qdnaseq_segments.txt",
                    "PosCon2.sv.vcf.gz",
                    "PosCon2.sv.vcf.gz.tbi",
                    "PosCon2.wisecondorx_aberrations.bed",
                    "PosCon2.wisecondorx_bins.bed",
                    "PosCon2.wisecondorx_chr_statistics.txt",
                    "PosCon2.wisecondorx_segments.bed",
                    "chr1.png",
                    "chr22.png",
                    "genome_wide.png",
                    "statistics.out"
                ],
                [
                    "PosCon3.cnv.vcf.gz",
                    "PosCon3.cnv.vcf.gz.tbi",
                    "PosCon3.expansionhunter.vcf.gz",
                    "PosCon3.expansionhunter.vcf.gz.tbi",
                    "PosCon3.qdnaseq.abberations.bed",
                    "PosCon3.qdnaseq.bed",
                    "PosCon3.qdnaseq.cna",
                    "PosCon3.qdnaseq_segments.txt",
                    "PosCon3.sv.vcf.gz",
                    "PosCon3.sv.vcf.gz.tbi",
                    "PosCon3.wisecondorx_aberrations.bed",
                    "PosCon3.wisecondorx_bins.bed",
                    "PosCon3.wisecondorx_chr_statistics.txt",
                    "PosCon3.wisecondorx_segments.bed",
                    "chr1.png",
                    "chr22.png",
                    "genome_wide.png",
                    "statistics.out"
                ],
                [
                    "multiqc_data",
                    "multiqc_plots",
                    "multiqc_report.html"
                ],
                [
                    "test_family.cnv.vcf.gz",
                    "test_family.cnv.vcf.gz.tbi",
                    "test_family.repeats.vcf.gz",
                    "test_family.repeats.vcf.gz.tbi",
                    "test_family.sv.vcf.gz",
                    "test_family.sv.vcf.gz.tbi"
                ]
            ],
            [
                "PosCon1",
                "PosCon2",
                "PosCon3",
                "multiqc",
                "pipeline_info",
                "test_family"
            ]
        ],
        "meta": {
            "nf-test": "0.8.4",
            "nextflow": "24.02.0"
        },
        "timestamp": "2024-03-29T09:51:16.761133108"
    },
    "family with 3 samples - no concat": {
        "content": [
            [
                
            ],
            [
                [
                    "PosCon1.cnv.vcf.gz",
                    "PosCon1.cnv.vcf.gz.tbi",
                    "PosCon1.expansionhunter.vcf.gz",
                    "PosCon1.expansionhunter.vcf.gz.tbi",
                    "PosCon1.qdnaseq.abberations.bed",
                    "PosCon1.qdnaseq.bed",
                    "PosCon1.qdnaseq.cna",
                    "PosCon1.qdnaseq_segments.txt",
                    "PosCon1.sv.vcf.gz",
                    "PosCon1.sv.vcf.gz.tbi",
                    "PosCon1.wisecondorx_aberrations.bed",
                    "PosCon1.wisecondorx_bins.bed",
                    "PosCon1.wisecondorx_chr_statistics.txt",
                    "PosCon1.wisecondorx_segments.bed",
                    "chr1.png",
                    "chr22.png",
                    "genome_wide.png",
                    "statistics.out"
                ],
                [
                    "PosCon2.cnv.vcf.gz",
                    "PosCon2.cnv.vcf.gz.tbi",
                    "PosCon2.expansionhunter.vcf.gz",
                    "PosCon2.expansionhunter.vcf.gz.tbi",
                    "PosCon2.qdnaseq.abberations.bed",
                    "PosCon2.qdnaseq.bed",
                    "PosCon2.qdnaseq.cna",
                    "PosCon2.qdnaseq_segments.txt",
                    "PosCon2.sv.vcf.gz",
                    "PosCon2.sv.vcf.gz.tbi",
                    "PosCon2.wisecondorx_aberrations.bed",
                    "PosCon2.wisecondorx_bins.bed",
                    "PosCon2.wisecondorx_chr_statistics.txt",
                    "PosCon2.wisecondorx_segments.bed",
                    "chr1.png",
                    "chr22.png",
                    "genome_wide.png",
                    "statistics.out"
                ],
                [
                    "PosCon3.cnv.vcf.gz",
                    "PosCon3.cnv.vcf.gz.tbi",
                    "PosCon3.expansionhunter.vcf.gz",
                    "PosCon3.expansionhunter.vcf.gz.tbi",
                    "PosCon3.qdnaseq.abberations.bed",
                    "PosCon3.qdnaseq.bed",
                    "PosCon3.qdnaseq.cna",
                    "PosCon3.qdnaseq_segments.txt",
                    "PosCon3.sv.vcf.gz",
                    "PosCon3.sv.vcf.gz.tbi",
                    "PosCon3.wisecondorx_aberrations.bed",
                    "PosCon3.wisecondorx_bins.bed",
                    "PosCon3.wisecondorx_chr_statistics.txt",
                    "PosCon3.wisecondorx_segments.bed",
                    "chr1.png",
                    "chr22.png",
                    "genome_wide.png",
                    "statistics.out"
                ],
                [
                    "multiqc_data",
                    "multiqc_plots",
                    "multiqc_report.html"
                ],
                [
                    "test_family.cnv.vcf.gz",
                    "test_family.cnv.vcf.gz.tbi",
                    "test_family.repeats.vcf.gz",
                    "test_family.repeats.vcf.gz.tbi",
                    "test_family.sv.vcf.gz",
                    "test_family.sv.vcf.gz.tbi"
                ]
            ],
            [
                "PosCon1",
                "PosCon2",
                "PosCon3",
                "multiqc",
                "pipeline_info",
                "test_family"
            ]
        ],
        "meta": {
            "nf-test": "0.8.4",
            "nextflow": "24.02.0"
        },
        "timestamp": "2024-03-29T09:41:10.690402797"
    },
    "family with 3 samples - concat": {
        "content": [
            [
                
            ],
            [
                [
                    "PosCon1.qdnaseq.abberations.bed",
                    "PosCon1.qdnaseq.bed",
                    "PosCon1.qdnaseq.cna",
                    "PosCon1.qdnaseq_segments.txt",
                    "PosCon1.vcf.gz",
                    "PosCon1.vcf.gz.tbi",
                    "PosCon1.wisecondorx_aberrations.bed",
                    "PosCon1.wisecondorx_bins.bed",
                    "PosCon1.wisecondorx_chr_statistics.txt",
                    "PosCon1.wisecondorx_segments.bed",
                    "chr1.png",
                    "chr22.png",
                    "genome_wide.png",
                    "statistics.out"
                ],
                [
                    "PosCon2.qdnaseq.abberations.bed",
                    "PosCon2.qdnaseq.bed",
                    "PosCon2.qdnaseq.cna",
                    "PosCon2.qdnaseq_segments.txt",
                    "PosCon2.vcf.gz",
                    "PosCon2.vcf.gz.tbi",
                    "PosCon2.wisecondorx_aberrations.bed",
                    "PosCon2.wisecondorx_bins.bed",
                    "PosCon2.wisecondorx_chr_statistics.txt",
                    "PosCon2.wisecondorx_segments.bed",
                    "chr1.png",
                    "chr22.png",
                    "genome_wide.png",
                    "statistics.out"
                ],
                [
                    "PosCon3.qdnaseq.abberations.bed",
                    "PosCon3.qdnaseq.bed",
                    "PosCon3.qdnaseq.cna",
                    "PosCon3.qdnaseq_segments.txt",
                    "PosCon3.vcf.gz",
                    "PosCon3.vcf.gz.tbi",
                    "PosCon3.wisecondorx_aberrations.bed",
                    "PosCon3.wisecondorx_bins.bed",
                    "PosCon3.wisecondorx_chr_statistics.txt",
                    "PosCon3.wisecondorx_segments.bed",
                    "chr1.png",
                    "chr22.png",
                    "genome_wide.png",
                    "statistics.out"
                ],
                [
                    "multiqc_data",
                    "multiqc_plots",
                    "multiqc_report.html"
                ],
                [
                    "test_family.vcf.gz",
                    "test_family.vcf.gz.tbi"
                ]
            ],
            [
                "PosCon1",
                "PosCon2",
                "PosCon3",
                "multiqc",
                "pipeline_info",
                "test_family"
            ]
        ],
        "meta": {
            "nf-test": "0.8.4",
            "nextflow": "24.02.0"
        },
        "timestamp": "2024-03-13T12:02:09.935078056"
    }
}