{
    "family with 2 samples + 1 sample - concat": {
        "content": [
            [
                
            ],
            [
                "PosCon1/PosCon1.qdnaseq.qdnaseq.bed",
                "PosCon1/PosCon1.qdnaseq.qdnaseq_segments.txt",
                "PosCon1/PosCon1.qdnaseq.statistics.out",
                "PosCon1/PosCon1.vcf.gz",
                "PosCon1/PosCon1.vcf.gz.tbi",
                "PosCon1/PosCon1.wisecondorx.chr1.png",
                "PosCon1/PosCon1.wisecondorx.chr22.png",
                "PosCon1/PosCon1.wisecondorx.genome_wide.png",
                "PosCon1/PosCon1.wisecondorx.wisecondorx_aberrations.bed",
                "PosCon1/PosCon1.wisecondorx.wisecondorx_bins.bed",
                "PosCon1/PosCon1.wisecondorx.wisecondorx_segments.bed",
                "PosCon1/PosCon1.wisecondorx.wisecondorx_statistics.txt",
                "PosCon2/PosCon2.qdnaseq.qdnaseq.bed",
                "PosCon2/PosCon2.qdnaseq.qdnaseq_segments.txt",
                "PosCon2/PosCon2.qdnaseq.statistics.out",
                "PosCon2/PosCon2.vcf.gz",
                "PosCon2/PosCon2.vcf.gz.tbi",
                "PosCon2/PosCon2.wisecondorx.chr1.png",
                "PosCon2/PosCon2.wisecondorx.chr22.png",
                "PosCon2/PosCon2.wisecondorx.genome_wide.png",
                "PosCon2/PosCon2.wisecondorx.wisecondorx_aberrations.bed",
                "PosCon2/PosCon2.wisecondorx.wisecondorx_bins.bed",
                "PosCon2/PosCon2.wisecondorx.wisecondorx_segments.bed",
                "PosCon2/PosCon2.wisecondorx.wisecondorx_statistics.txt",
                "PosCon3/PosCon3.qdnaseq.qdnaseq.bed",
                "PosCon3/PosCon3.qdnaseq.qdnaseq_segments.txt",
                "PosCon3/PosCon3.qdnaseq.statistics.out",
                "PosCon3/PosCon3.vcf.gz",
                "PosCon3/PosCon3.vcf.gz.tbi",
                "PosCon3/PosCon3.wisecondorx.chr1.png",
                "PosCon3/PosCon3.wisecondorx.chr22.png",
                "PosCon3/PosCon3.wisecondorx.genome_wide.png",
                "PosCon3/PosCon3.wisecondorx.wisecondorx_aberrations.bed",
                "PosCon3/PosCon3.wisecondorx.wisecondorx_bins.bed",
                "PosCon3/PosCon3.wisecondorx.wisecondorx_segments.bed",
                "PosCon3/PosCon3.wisecondorx.wisecondorx_statistics.txt",
                "multiqc/multiqc_report.html",
                "samplesheet.csv",
                "test_family/test_family.vcf.gz",
                "test_family/test_family.vcf.gz.tbi"
            ]
        ],
        "meta": {
            "nf-test": "0.9.1",
            "nextflow": "24.10.3"
        },
        "timestamp": "2025-02-04T14:58:50.512238846"
    },
    "family with 2 samples + 1 sample - no concat": {
        "content": [
            [
                
            ],
            [
                "PosCon1/PosCon1.cnv.vcf.gz",
                "PosCon1/PosCon1.cnv.vcf.gz.tbi",
                "PosCon1/PosCon1.qdnaseq.qdnaseq.bed",
                "PosCon1/PosCon1.qdnaseq.qdnaseq_segments.txt",
                "PosCon1/PosCon1.qdnaseq.statistics.out",
                "PosCon1/PosCon1.repeats.vcf.gz",
                "PosCon1/PosCon1.repeats.vcf.gz.tbi",
                "PosCon1/PosCon1.sv.vcf.gz",
                "PosCon1/PosCon1.sv.vcf.gz.tbi",
                "PosCon1/PosCon1.wisecondorx.chr1.png",
                "PosCon1/PosCon1.wisecondorx.chr22.png",
                "PosCon1/PosCon1.wisecondorx.genome_wide.png",
                "PosCon1/PosCon1.wisecondorx.wisecondorx_aberrations.bed",
                "PosCon1/PosCon1.wisecondorx.wisecondorx_bins.bed",
                "PosCon1/PosCon1.wisecondorx.wisecondorx_segments.bed",
                "PosCon1/PosCon1.wisecondorx.wisecondorx_statistics.txt",
                "PosCon2/PosCon2.cnv.vcf.gz",
                "PosCon2/PosCon2.cnv.vcf.gz.tbi",
                "PosCon2/PosCon2.qdnaseq.qdnaseq.bed",
                "PosCon2/PosCon2.qdnaseq.qdnaseq_segments.txt",
                "PosCon2/PosCon2.qdnaseq.statistics.out",
                "PosCon2/PosCon2.repeats.vcf.gz",
                "PosCon2/PosCon2.repeats.vcf.gz.tbi",
                "PosCon2/PosCon2.sv.vcf.gz",
                "PosCon2/PosCon2.sv.vcf.gz.tbi",
                "PosCon2/PosCon2.wisecondorx.chr1.png",
                "PosCon2/PosCon2.wisecondorx.chr22.png",
                "PosCon2/PosCon2.wisecondorx.genome_wide.png",
                "PosCon2/PosCon2.wisecondorx.wisecondorx_aberrations.bed",
                "PosCon2/PosCon2.wisecondorx.wisecondorx_bins.bed",
                "PosCon2/PosCon2.wisecondorx.wisecondorx_segments.bed",
                "PosCon2/PosCon2.wisecondorx.wisecondorx_statistics.txt",
                "PosCon3/PosCon3.cnv.vcf.gz",
                "PosCon3/PosCon3.cnv.vcf.gz.tbi",
                "PosCon3/PosCon3.qdnaseq.qdnaseq.bed",
                "PosCon3/PosCon3.qdnaseq.qdnaseq_segments.txt",
                "PosCon3/PosCon3.qdnaseq.statistics.out",
                "PosCon3/PosCon3.repeats.vcf.gz",
                "PosCon3/PosCon3.repeats.vcf.gz.tbi",
                "PosCon3/PosCon3.sv.vcf.gz",
                "PosCon3/PosCon3.sv.vcf.gz.tbi",
                "PosCon3/PosCon3.wisecondorx.chr1.png",
                "PosCon3/PosCon3.wisecondorx.chr22.png",
                "PosCon3/PosCon3.wisecondorx.genome_wide.png",
                "PosCon3/PosCon3.wisecondorx.wisecondorx_aberrations.bed",
                "PosCon3/PosCon3.wisecondorx.wisecondorx_bins.bed",
                "PosCon3/PosCon3.wisecondorx.wisecondorx_segments.bed",
                "PosCon3/PosCon3.wisecondorx.wisecondorx_statistics.txt",
                "multiqc/multiqc_report.html",
                "samplesheet.csv",
                "test_family/test_family.cnv.vcf.gz",
                "test_family/test_family.cnv.vcf.gz.tbi",
                "test_family/test_family.repeats.vcf.gz",
                "test_family/test_family.repeats.vcf.gz.tbi",
                "test_family/test_family.sv.vcf.gz",
                "test_family/test_family.sv.vcf.gz.tbi"
            ]
        ],
        "meta": {
            "nf-test": "0.9.1",
            "nextflow": "24.10.3"
        },
        "timestamp": "2025-02-04T14:49:38.757546959"
    },
    "family with 3 samples - no concat": {
        "content": [
            [
                
            ],
            [
                "PosCon1/PosCon1.cnv.vcf.gz",
                "PosCon1/PosCon1.cnv.vcf.gz.tbi",
                "PosCon1/PosCon1.qdnaseq.qdnaseq.bed",
                "PosCon1/PosCon1.qdnaseq.qdnaseq_segments.txt",
                "PosCon1/PosCon1.qdnaseq.statistics.out",
                "PosCon1/PosCon1.repeats.vcf.gz",
                "PosCon1/PosCon1.repeats.vcf.gz.tbi",
                "PosCon1/PosCon1.sv.vcf.gz",
                "PosCon1/PosCon1.sv.vcf.gz.tbi",
                "PosCon1/PosCon1.wisecondorx.chr1.png",
                "PosCon1/PosCon1.wisecondorx.chr22.png",
                "PosCon1/PosCon1.wisecondorx.genome_wide.png",
                "PosCon1/PosCon1.wisecondorx.wisecondorx_aberrations.bed",
                "PosCon1/PosCon1.wisecondorx.wisecondorx_bins.bed",
                "PosCon1/PosCon1.wisecondorx.wisecondorx_segments.bed",
                "PosCon1/PosCon1.wisecondorx.wisecondorx_statistics.txt",
                "PosCon2/PosCon2.cnv.vcf.gz",
                "PosCon2/PosCon2.cnv.vcf.gz.tbi",
                "PosCon2/PosCon2.qdnaseq.qdnaseq.bed",
                "PosCon2/PosCon2.qdnaseq.qdnaseq_segments.txt",
                "PosCon2/PosCon2.qdnaseq.statistics.out",
                "PosCon2/PosCon2.repeats.vcf.gz",
                "PosCon2/PosCon2.repeats.vcf.gz.tbi",
                "PosCon2/PosCon2.sv.vcf.gz",
                "PosCon2/PosCon2.sv.vcf.gz.tbi",
                "PosCon2/PosCon2.wisecondorx.chr1.png",
                "PosCon2/PosCon2.wisecondorx.chr22.png",
                "PosCon2/PosCon2.wisecondorx.genome_wide.png",
                "PosCon2/PosCon2.wisecondorx.wisecondorx_aberrations.bed",
                "PosCon2/PosCon2.wisecondorx.wisecondorx_bins.bed",
                "PosCon2/PosCon2.wisecondorx.wisecondorx_segments.bed",
                "PosCon2/PosCon2.wisecondorx.wisecondorx_statistics.txt",
                "PosCon3/PosCon3.cnv.vcf.gz",
                "PosCon3/PosCon3.cnv.vcf.gz.tbi",
                "PosCon3/PosCon3.qdnaseq.qdnaseq.bed",
                "PosCon3/PosCon3.qdnaseq.qdnaseq_segments.txt",
                "PosCon3/PosCon3.qdnaseq.statistics.out",
                "PosCon3/PosCon3.repeats.vcf.gz",
                "PosCon3/PosCon3.repeats.vcf.gz.tbi",
                "PosCon3/PosCon3.sv.vcf.gz",
                "PosCon3/PosCon3.sv.vcf.gz.tbi",
                "PosCon3/PosCon3.wisecondorx.chr1.png",
                "PosCon3/PosCon3.wisecondorx.chr22.png",
                "PosCon3/PosCon3.wisecondorx.genome_wide.png",
                "PosCon3/PosCon3.wisecondorx.wisecondorx_aberrations.bed",
                "PosCon3/PosCon3.wisecondorx.wisecondorx_bins.bed",
                "PosCon3/PosCon3.wisecondorx.wisecondorx_segments.bed",
                "PosCon3/PosCon3.wisecondorx.wisecondorx_statistics.txt",
                "multiqc/multiqc_report.html",
                "samplesheet.csv",
                "test_family/test_family.cnv.vcf.gz",
                "test_family/test_family.cnv.vcf.gz.tbi",
                "test_family/test_family.repeats.vcf.gz",
                "test_family/test_family.repeats.vcf.gz.tbi",
                "test_family/test_family.sv.vcf.gz",
                "test_family/test_family.sv.vcf.gz.tbi"
            ]
        ],
        "meta": {
            "nf-test": "0.9.1",
            "nextflow": "24.10.3"
        },
        "timestamp": "2025-02-04T14:46:56.098262494"
    },
    "family with 3 samples - concat": {
        "content": [
            [
                
            ],
            [
                "PosCon1/PosCon1.qdnaseq.qdnaseq.bed",
                "PosCon1/PosCon1.qdnaseq.qdnaseq_segments.txt",
                "PosCon1/PosCon1.qdnaseq.statistics.out",
                "PosCon1/PosCon1.vcf.gz",
                "PosCon1/PosCon1.vcf.gz.tbi",
                "PosCon1/PosCon1.wisecondorx.chr1.png",
                "PosCon1/PosCon1.wisecondorx.chr22.png",
                "PosCon1/PosCon1.wisecondorx.genome_wide.png",
                "PosCon1/PosCon1.wisecondorx.wisecondorx_aberrations.bed",
                "PosCon1/PosCon1.wisecondorx.wisecondorx_bins.bed",
                "PosCon1/PosCon1.wisecondorx.wisecondorx_segments.bed",
                "PosCon1/PosCon1.wisecondorx.wisecondorx_statistics.txt",
                "PosCon2/PosCon2.qdnaseq.qdnaseq.bed",
                "PosCon2/PosCon2.qdnaseq.qdnaseq_segments.txt",
                "PosCon2/PosCon2.qdnaseq.statistics.out",
                "PosCon2/PosCon2.vcf.gz",
                "PosCon2/PosCon2.vcf.gz.tbi",
                "PosCon2/PosCon2.wisecondorx.chr1.png",
                "PosCon2/PosCon2.wisecondorx.chr22.png",
                "PosCon2/PosCon2.wisecondorx.genome_wide.png",
                "PosCon2/PosCon2.wisecondorx.wisecondorx_aberrations.bed",
                "PosCon2/PosCon2.wisecondorx.wisecondorx_bins.bed",
                "PosCon2/PosCon2.wisecondorx.wisecondorx_segments.bed",
                "PosCon2/PosCon2.wisecondorx.wisecondorx_statistics.txt",
                "PosCon3/PosCon3.qdnaseq.qdnaseq.bed",
                "PosCon3/PosCon3.qdnaseq.qdnaseq_segments.txt",
                "PosCon3/PosCon3.qdnaseq.statistics.out",
                "PosCon3/PosCon3.vcf.gz",
                "PosCon3/PosCon3.vcf.gz.tbi",
                "PosCon3/PosCon3.wisecondorx.chr1.png",
                "PosCon3/PosCon3.wisecondorx.chr22.png",
                "PosCon3/PosCon3.wisecondorx.genome_wide.png",
                "PosCon3/PosCon3.wisecondorx.wisecondorx_aberrations.bed",
                "PosCon3/PosCon3.wisecondorx.wisecondorx_bins.bed",
                "PosCon3/PosCon3.wisecondorx.wisecondorx_segments.bed",
                "PosCon3/PosCon3.wisecondorx.wisecondorx_statistics.txt",
                "multiqc/multiqc_report.html",
                "samplesheet.csv",
                "test_family/test_family.vcf.gz",
                "test_family/test_family.vcf.gz.tbi"
            ]
        ],
        "meta": {
            "nf-test": "0.9.1",
            "nextflow": "24.10.3"
        },
        "timestamp": "2025-02-04T14:48:12.591568647"
    }
}