{
    "expansionhunter": {
        "content": [
            [
                
            ],
            [
                [
                    "PosCon1.repeats.vcf.gz",
                    "PosCon1.repeats.vcf.gz.tbi"
                ],
                [
                    "PosCon2.repeats.vcf.gz",
                    "PosCon2.repeats.vcf.gz.tbi"
                ],
                [
                    "PosCon3.repeats.vcf.gz",
                    "PosCon3.repeats.vcf.gz.tbi"
                ],
                [
                    "PosCon4.repeats.vcf.gz",
                    "PosCon4.repeats.vcf.gz.tbi"
                ],
                [
                    "multiqc_data",
                    "multiqc_report.html"
                ]
            ],
            [
                "PosCon1",
                "PosCon2",
                "PosCon3",
                "PosCon4",
                "multiqc",
                "pipeline_info"
            ]
        ],
        "meta": {
            "nf-test": "0.9.1",
            "nextflow": "24.10.3"
        },
        "timestamp": "2025-02-04T09:49:49.160301297"
    }
}