{
    "expansionhunter": {
        "content": [
            [
                
            ],
            [
                [
                    "PosCon1.repeats.vcf.gz",
                    "PosCon1.repeats.vcf.gz.tbi"
                ],
                [
                    "PosCon2.repeats.vcf.gz",
                    "PosCon2.repeats.vcf.gz.tbi"
                ],
                [
                    "PosCon3.repeats.vcf.gz",
                    "PosCon3.repeats.vcf.gz.tbi"
                ],
                [
                    "PosCon4.repeats.vcf.gz",
                    "PosCon4.repeats.vcf.gz.tbi"
                ],
                [
                    "multiqc_data",
                    "multiqc_plots",
                    "multiqc_report.html"
                ]
            ],
            [
                "PosCon1",
                "PosCon2",
                "PosCon3",
                "PosCon4",
                "multiqc",
                "pipeline_info"
            ]
        ],
        "meta": {
            "nf-test": "0.8.4",
            "nextflow": "24.02.0"
        },
        "timestamp": "2024-03-13T10:41:13.805383052"
    }
}