{
    "homo_sapiens": {
        "content": [
            {
                "delly_vcfs": [
                    [
                        {
                            "id": "test",
                            "sample": "test",
                            "sex": "male",
                            "caller": "delly"
                        },
                        "test.svync.delly.vcf.gz,variantsMD5:caf4116f675c20783b0119c98e70f2ea",
                        "test.svync.delly.vcf.gz.tbi"
                    ]
                ],
                "raw_vcfs": [
                    [
                        {
                            "id": "test",
                            "sample": "test",
                            "sex": "male",
                            "caller": "delly"
                        },
                        "test.delly.vcf.gz,variantsMD5:20ac9de57e6fd564de976eb30835c15c",
                        "test.delly.vcf.gz.tbi"
                    ]
                ]
            }
        ],
        "meta": {
            "nf-test": "0.9.1",
            "nextflow": "24.10.4"
        },
        "timestamp": "2025-02-13T16:40:54.037387408"
    }
}