{
    "all": {
        "content": [
            [
                
            ],
            [
                [
                    "PosCon1.sv.vcf.gz",
                    "PosCon1.sv.vcf.gz.tbi"
                ],
                [
                    "PosCon2.sv.vcf.gz",
                    "PosCon2.sv.vcf.gz.tbi"
                ],
                [
                    "PosCon3.sv.vcf.gz",
                    "PosCon3.sv.vcf.gz.tbi"
                ],
                [
                    "PosCon4.sv.vcf.gz",
                    "PosCon4.sv.vcf.gz.tbi"
                ]
            ],
            [
                "PosCon1",
                "PosCon2",
                "PosCon3",
                "PosCon4",
                "pipeline_info"
            ]
        ],
        "meta": {
            "nf-test": "0.8.4",
            "nextflow": "24.02.0"
        },
        "timestamp": "2024-03-12T09:48:27.874158752"
    },
    "delly": {
        "content": [
            [
                
            ],
            [
                [
                    "PosCon1.sv.vcf.gz",
                    "PosCon1.sv.vcf.gz.tbi"
                ],
                [
                    "PosCon2.sv.vcf.gz",
                    "PosCon2.sv.vcf.gz.tbi"
                ],
                [
                    "PosCon3.sv.vcf.gz",
                    "PosCon3.sv.vcf.gz.tbi"
                ],
                [
                    "PosCon4.sv.vcf.gz",
                    "PosCon4.sv.vcf.gz.tbi"
                ]
            ],
            [
                "PosCon1",
                "PosCon2",
                "PosCon3",
                "PosCon4",
                "pipeline_info"
            ]
        ],
        "meta": {
            "nf-test": "0.8.4",
            "nextflow": "24.02.0"
        },
        "timestamp": "2024-03-12T09:47:28.452109987"
    }
}