{
    "don't output BEDPE for repeats": {
        "content": [
            [
                "PosCon1/PosCon1.repeats.vcf.gz",
                "PosCon1/PosCon1.repeats.vcf.gz.tbi",
                "PosCon2/PosCon2.repeats.vcf.gz",
                "PosCon2/PosCon2.repeats.vcf.gz.tbi",
                "PosCon3/PosCon3.repeats.vcf.gz",
                "PosCon3/PosCon3.repeats.vcf.gz.tbi",
                "PosCon4/PosCon4.repeats.vcf.gz",
                "PosCon4/PosCon4.repeats.vcf.gz.tbi",
                "multiqc/multiqc_data/.stub",
                "multiqc/multiqc_report.html",
                "samplesheet.csv"
            ]
        ],
        "meta": {
            "nf-test": "0.9.2",
            "nextflow": "25.10.2"
        },
        "timestamp": "2026-01-13T11:31:04.859053895"
    },
    "output BEDPE files": {
        "content": [
            [
                "PosCon1/PosCon1.sv.bedpe",
                "PosCon1/PosCon1.sv.vcf.gz",
                "PosCon1/PosCon1.sv.vcf.gz.tbi",
                "PosCon2/PosCon2.sv.bedpe",
                "PosCon2/PosCon2.sv.vcf.gz",
                "PosCon2/PosCon2.sv.vcf.gz.tbi",
                "PosCon3/PosCon3.sv.bedpe",
                "PosCon3/PosCon3.sv.vcf.gz",
                "PosCon3/PosCon3.sv.vcf.gz.tbi",
                "PosCon4/PosCon4.sv.bedpe",
                "PosCon4/PosCon4.sv.vcf.gz",
                "PosCon4/PosCon4.sv.vcf.gz.tbi",
                "multiqc/multiqc_data/.stub",
                "multiqc/multiqc_report.html",
                "samplesheet.csv"
            ]
        ],
        "meta": {
            "nf-test": "0.9.2",
            "nextflow": "25.10.2"
        },
        "timestamp": "2025-12-11T14:21:33.970744868"
    }
}