{
    "fail on concat with repeats": {
        "content": [
            [
                "Can't create BEDPE files from VCFs that contains repeat expansions. Don't specify either --concat_output or omit all repeat callers from the --callers parameter."
            ]
        ],
        "meta": {
            "nf-test": "0.9.1",
            "nextflow": "24.10.4"
        },
        "timestamp": "2025-02-17T11:21:39.079703777"
    },
    "don't output BEDPE for repeats": {
        "content": [
            [
                
            ],
            [
                "PosCon1/PosCon1.repeats.vcf.gz",
                "PosCon1/PosCon1.repeats.vcf.gz.tbi",
                "PosCon2/PosCon2.repeats.vcf.gz",
                "PosCon2/PosCon2.repeats.vcf.gz.tbi",
                "PosCon3/PosCon3.repeats.vcf.gz",
                "PosCon3/PosCon3.repeats.vcf.gz.tbi",
                "PosCon4/PosCon4.repeats.vcf.gz",
                "PosCon4/PosCon4.repeats.vcf.gz.tbi",
                "multiqc/multiqc_report.html",
                "samplesheet.csv"
            ]
        ],
        "meta": {
            "nf-test": "0.9.1",
            "nextflow": "24.10.4"
        },
        "timestamp": "2025-02-17T11:20:16.350128838"
    },
    "output BEDPE files": {
        "content": [
            [
                
            ],
            [
                "PosCon1/PosCon1.sv.bedpe",
                "PosCon1/PosCon1.sv.vcf.gz",
                "PosCon1/PosCon1.sv.vcf.gz.tbi",
                "PosCon2/PosCon2.sv.bedpe",
                "PosCon2/PosCon2.sv.vcf.gz",
                "PosCon2/PosCon2.sv.vcf.gz.tbi",
                "PosCon3/PosCon3.sv.bedpe",
                "PosCon3/PosCon3.sv.vcf.gz",
                "PosCon3/PosCon3.sv.vcf.gz.tbi",
                "PosCon4/PosCon4.sv.bedpe",
                "PosCon4/PosCon4.sv.vcf.gz",
                "PosCon4/PosCon4.sv.vcf.gz.tbi",
                "multiqc/multiqc_report.html",
                "samplesheet.csv"
            ]
        ],
        "meta": {
            "nf-test": "0.9.1",
            "nextflow": "24.10.4"
        },
        "timestamp": "2025-02-17T11:19:27.932598537"
    }
}